Archive member included to satisfy reference by file (symbol)

app/libapp.a(main.c.obj)      (--whole-archive)
zephyr/libzephyr.a(cbprintf.c.obj)
                              (--whole-archive)
zephyr/libzephyr.a(cbprintf_packaged.c.obj)
                              (--whole-archive)
zephyr/libzephyr.a(crc32c_sw.c.obj)
                              (--whole-archive)
zephyr/libzephyr.a(crc32_sw.c.obj)
                              (--whole-archive)
zephyr/libzephyr.a(crc16_sw.c.obj)
                              (--whole-archive)
zephyr/libzephyr.a(crc8_sw.c.obj)
                              (--whole-archive)
zephyr/libzephyr.a(crc7_sw.c.obj)
                              (--whole-archive)
zephyr/libzephyr.a(dec.c.obj)
                              (--whole-archive)
zephyr/libzephyr.a(fdtable.c.obj)
                              (--whole-archive)
zephyr/libzephyr.a(hex.c.obj)
                              (--whole-archive)
zephyr/libzephyr.a(notify.c.obj)
                              (--whole-archive)
zephyr/libzephyr.a(printk.c.obj)
                              (--whole-archive)
zephyr/libzephyr.a(onoff.c.obj)
                              (--whole-archive)
zephyr/libzephyr.a(rb.c.obj)  (--whole-archive)
zephyr/libzephyr.a(sem.c.obj)
                              (--whole-archive)
zephyr/libzephyr.a(thread_entry.c.obj)
                              (--whole-archive)
zephyr/libzephyr.a(timeutil.c.obj)
                              (--whole-archive)
zephyr/libzephyr.a(heap.c.obj)
                              (--whole-archive)
zephyr/libzephyr.a(heap-validate.c.obj)
                              (--whole-archive)
zephyr/libzephyr.a(bitarray.c.obj)
                              (--whole-archive)
zephyr/libzephyr.a(multi_heap.c.obj)
                              (--whole-archive)
zephyr/libzephyr.a(cbprintf_complete.c.obj)
                              (--whole-archive)
zephyr/libzephyr.a(assert.c.obj)
                              (--whole-archive)
zephyr/libzephyr.a(reboot.c.obj)
                              (--whole-archive)
zephyr/libzephyr.a(configs.c.obj)
                              (--whole-archive)
zephyr/libzephyr.a(soc.c.obj)
                              (--whole-archive)
zephyr/libzephyr.a(power.c.obj)
                              (--whole-archive)
zephyr/libzephyr.a(soc_nrf_common.S.obj)
                              (--whole-archive)
zephyr/libzephyr.a(validate_base_addresses.c.obj)
                              (--whole-archive)
zephyr/libzephyr.a(validate_enabled_instances.c.obj)
                              (--whole-archive)
zephyr/libzephyr.a(log_minimal.c.obj)
                              (--whole-archive)
zephyr/libzephyr.a(pm.c.obj)  (--whole-archive)
zephyr/libzephyr.a(constraint.c.obj)
                              (--whole-archive)
zephyr/libzephyr.a(residency.c.obj)
                              (--whole-archive)
zephyr/libzephyr.a(tracing_none.c.obj)
                              (--whole-archive)
zephyr/libzephyr.a(spm.c.obj)
                              (--whole-archive)
zephyr/libzephyr.a(secure_services.c.obj)
                              (--whole-archive)
zephyr/libzephyr.a(flash_map_partition_manager.c.obj)
                              (--whole-archive)
zephyr/libzephyr.a(nrf_cc3xx_platform_abort_zephyr.c.obj)
                              (--whole-archive)
zephyr/libzephyr.a(nrf_cc3xx_platform_mutex_zephyr.c.obj)
                              (--whole-archive)
zephyr/arch/common/libarch__common.a(sw_isr_common.c.obj)
                              (--whole-archive)
zephyr/arch/arch/arm/core/aarch32/libarch__arm__core__aarch32.a(cpu_idle.S.obj)
                              (--whole-archive)
zephyr/arch/arch/arm/core/aarch32/libarch__arm__core__aarch32.a(fatal.c.obj)
                              (--whole-archive)
zephyr/arch/arch/arm/core/aarch32/libarch__arm__core__aarch32.a(irq_manage.c.obj)
                              (--whole-archive)
zephyr/arch/arch/arm/core/aarch32/libarch__arm__core__aarch32.a(nmi.c.obj)
                              (--whole-archive)
zephyr/arch/arch/arm/core/aarch32/libarch__arm__core__aarch32.a(nmi_on_reset.S.obj)
                              (--whole-archive)
zephyr/arch/arch/arm/core/aarch32/libarch__arm__core__aarch32.a(prep_c.c.obj)
                              (--whole-archive)
zephyr/arch/arch/arm/core/aarch32/libarch__arm__core__aarch32.a(swap.c.obj)
                              (--whole-archive)
zephyr/arch/arch/arm/core/aarch32/libarch__arm__core__aarch32.a(swap_helper.S.obj)
                              (--whole-archive)
zephyr/arch/arch/arm/core/aarch32/libarch__arm__core__aarch32.a(thread.c.obj)
                              (--whole-archive)
zephyr/arch/arch/arm/core/aarch32/libarch__arm__core__aarch32.a(isr_wrapper.S.obj)
                              (--whole-archive)
zephyr/arch/arch/arm/core/aarch32/cortex_m/libarch__arm__core__aarch32__cortex_m.a(exc_exit.S.obj)
                              (--whole-archive)
[...]
Memory Configuration

Name             Origin             Length             Attributes
FLASH            0x0000000000000000 0x0000000000010000 xr
SRAM             0x0000000020000000 0x0000000000008000 xw
IDT_LIST         0x00000000fffff7ff 0x0000000000000800 xw
*default*        0x0000000000000000 0xffffffffffffffff

Linker script and memory map

LOAD zephyr/CMakeFiles/zephyr_pre0.dir/misc/empty_file.c.obj
                0x0000000000000020                _region_min_align = 0x20

.rel.plt        0x0000000000000000        0x0
 *(SORT_BY_ALIGNMENT(.rel.plt))
                [!provide]                        PROVIDE (__rel_iplt_start = .)
 *(SORT_BY_ALIGNMENT(.rel.iplt))
 .rel.iplt      0x0000000000000000        0x0 app/libapp.a(main.c.obj)
                [!provide]                        PROVIDE (__rel_iplt_end = .)

.rela.plt       0x0000000000000000        0x0
 *(SORT_BY_ALIGNMENT(.rela.plt))
                [!provide]                        PROVIDE (__rela_iplt_start = .)
 *(SORT_BY_ALIGNMENT(.rela.iplt))
                [!provide]                        PROVIDE (__rela_iplt_end = .)

.rel.dyn
 *(SORT_BY_ALIGNMENT(.rel.*))

.rela.dyn
 *(SORT_BY_ALIGNMENT(.rela.*))

/DISCARD/
 *(SORT_BY_ALIGNMENT(.plt))
 *(SORT_BY_ALIGNMENT(.iplt))
 *(SORT_BY_ALIGNMENT(.got.plt))
 *(SORT_BY_ALIGNMENT(.igot.plt))
 *(SORT_BY_ALIGNMENT(.got))
 *(SORT_BY_ALIGNMENT(.igot))
 *(SORT_BY_ALIGNMENT(.note.GNU-stack))
                0x0000000000000000                __rom_region_start = 0x0

rom_start       0x0000000000000000      0x23c
                0x0000000000000000                . = 0x0
                0x0000000000000000                . = ALIGN (0x4)
                0x0000000000000000                . = ALIGN (0x80)
                0x0000000000000000                . = ALIGN (0x200)
                0x0000000000000000                _vector_start = .
 *(SORT_BY_ALIGNMENT(.exc_vector_table))
 *(SORT_BY_ALIGNMENT(.exc_vector_table.*))
 .exc_vector_table._vector_table_section
                0x0000000000000000       0x40 zephyr/arch/arch/arm/core/aarch32/cortex_m/libarch__arm__core__aarch32__cortex_m.a(vector_table.S.obj)
                0x0000000000000000                _vector_table
 *(SORT_BY_ALIGNMENT(.gnu.linkonce.irq_vector_table*))
 .gnu.linkonce.irq_vector_table
                0x0000000000000040      0x104 zephyr/arch/common/libisr_tables.a(isr_tables.c.obj)
                0x0000000000000040                _irq_vector_table
 *(SORT_BY_ALIGNMENT(.vectors))
                0x0000000000000144                _vector_end = .
                0x0000000000000200                . = 0x200
 *fill*         0x0000000000000144       0xbc 
                0x0000000000000200                _fw_info_start = .
 *(SORT_BY_NAME(SORT_BY_ALIGNMENT(.firmware_info*)))
 .firmware_info
                0x0000000000000200       0x3c modules/nrf/subsys/fw_info/lib..__nrf__subsys__fw_info.a(fw_info.c.obj)
                0x0000000000000200                m_firmware_info
                0x000000000000003c                _fw_info_size = ABSOLUTE ((. - _fw_info_start))

text            0x000000000000023c     0x7fa0
                0x000000000000023c                __text_region_start = .
 *(SORT_BY_ALIGNMENT(.text))
 .text          0x000000000000023c       0x30 /opt/nordic/ncs/toolchains/v2.0.0/opt/zephyr-sdk/arm-zephyr-eabi/bin/../lib/gcc/arm-zephyr-eabi/10.3.0/thumb/v8-m.main/nofp/libgcc.a(_aeabi_uldivmod.o)
                0x000000000000023c                __aeabi_uldivmod
 .text          0x000000000000026c        0x4 /opt/nordic/ncs/toolchains/v2.0.0/opt/zephyr-sdk/arm-zephyr-eabi/bin/../lib/gcc/arm-zephyr-eabi/10.3.0/thumb/v8-m.main/nofp/libgcc.a(_dvmd_tls.o)
                0x000000000000026c                __aeabi_ldiv0
                0x000000000000026c                __aeabi_idiv0
 .text          0x0000000000000270       0x38 /opt/nordic/ncs/toolchains/v2.0.0/opt/zephyr-sdk/arm-zephyr-eabi/bin/../lib/gcc/arm-zephyr-eabi/10.3.0/thumb/v8-m.main/nofp/libgcc.a(cmse_nonsecure_call.o)
                0x0000000000000270                __gnu_cmse_nonsecure_call
 .text          0x00000000000002a8      0x2a2 /opt/nordic/ncs/toolchains/v2.0.0/opt/zephyr-sdk/arm-zephyr-eabi/bin/../lib/gcc/arm-zephyr-eabi/10.3.0/thumb/v8-m.main/nofp/libgcc.a(_udivmoddi4.o)
                0x00000000000002a8                __udivmoddi4
 *(SORT_BY_ALIGNMENT(.text.*))
 *fill*         0x000000000000054a        0x2 
 .text.char_out
                0x000000000000054c       0x10 zephyr/libzephyr.a(printk.c.obj)
 .text.__printk_hook_install
                0x000000000000055c        0xc zephyr/libzephyr.a(printk.c.obj)
                0x000000000000055c                __printk_hook_install
 .text.vprintk  0x0000000000000568       0x1c zephyr/libzephyr.a(printk.c.obj)
                0x0000000000000568                vprintk
 .text.cbvprintf
                0x0000000000000584      0x784 zephyr/libzephyr.a(cbprintf_complete.c.obj)
                0x0000000000000584                cbvprintf
 .text.sys_reboot
                0x0000000000000d08       0x30 zephyr/libzephyr.a(reboot.c.obj)
                0x0000000000000d08                sys_reboot
 .text.nordicsemi_nrf91_init
                0x0000000000000d38       0x28 zephyr/libzephyr.a(soc.c.obj)
 .text.arch_busy_wait
                0x0000000000000d60       0x14 zephyr/libzephyr.a(soc.c.obj)
                0x0000000000000d60                arch_busy_wait
 .text.pm_power_state_set
                0x0000000000000d74       0x28 zephyr/libzephyr.a(power.c.obj)
                0x0000000000000d74                pm_power_state_set
 .text.pm_state_notify
                0x0000000000000d9c       0xa4 zephyr/libzephyr.a(pm.c.obj)
 .text.atomic_test_and_set_bit.constprop.0
                0x0000000000000e40       0x30 zephyr/libzephyr.a(pm.c.obj)
 .text.pm_system_resume
                0x0000000000000e70       0x80 zephyr/libzephyr.a(pm.c.obj)
                0x0000000000000e70                pm_system_resume
 .text.pm_system_suspend
                0x0000000000000ef0       0xec zephyr/libzephyr.a(pm.c.obj)
                0x0000000000000ef0                pm_system_suspend
 .text.config_regions
                0x0000000000000fdc       0xc0 zephyr/libzephyr.a(spm.c.obj)
 .text.config_peripheral.constprop.0
                0x000000000000109c       0x5c zephyr/libzephyr.a(spm.c.obj)
 .text.spm_jump
                0x00000000000010f8       0x90 zephyr/libzephyr.a(spm.c.obj)
                0x00000000000010f8                spm_jump
 .text.spm_config
                0x0000000000001188      0x19c zephyr/libzephyr.a(spm.c.obj)
                0x0000000000001188                spm_config
 .text.spm_secure_services_init
                0x0000000000001324       0x10 zephyr/libzephyr.a(secure_services.c.obj)
                0x0000000000001324                spm_secure_services_init
 .text.spm_request_read_nse
                0x0000000000001334       0x68 zephyr/libzephyr.a(secure_services.c.obj)
                0x0000000000001334                __acle_se_spm_request_read_nse
 .text.spm_request_random_number_nse
                0x000000000000139c       0x48 zephyr/libzephyr.a(secure_services.c.obj)
                0x000000000000139c                __acle_se_spm_request_random_number_nse
 .text.spm_firmware_info_nse
                0x00000000000013e4       0x88 zephyr/libzephyr.a(secure_services.c.obj)
                0x00000000000013e4                __acle_se_spm_firmware_info_nse
 .text.nrf_cc3xx_platform_abort_init
                0x000000000000146c        0xc zephyr/libzephyr.a(nrf_cc3xx_platform_abort_zephyr.c.obj)
                0x000000000000146c                nrf_cc3xx_platform_abort_init
 .text.mutex_free_platform
                0x0000000000001478       0x48 zephyr/libzephyr.a(nrf_cc3xx_platform_mutex_zephyr.c.obj)
 .text.mutex_lock_platform
                0x00000000000014c0       0x50 zephyr/libzephyr.a(nrf_cc3xx_platform_mutex_zephyr.c.obj)
 .text.mutex_unlock_platform
                0x0000000000001510       0x44 zephyr/libzephyr.a(nrf_cc3xx_platform_mutex_zephyr.c.obj)
 .text.mutex_init_platform
                0x0000000000001554       0x70 zephyr/libzephyr.a(nrf_cc3xx_platform_mutex_zephyr.c.obj)
 .text.nrf_cc3xx_platform_mutex_init
                0x00000000000015c4       0x2c zephyr/libzephyr.a(nrf_cc3xx_platform_mutex_zephyr.c.obj)
                0x00000000000015c4                nrf_cc3xx_platform_mutex_init
 .text.z_arm_cpu_idle_init
                0x00000000000015f0        0xc zephyr/arch/arch/arm/core/aarch32/libarch__arm__core__aarch32.a(cpu_idle.S.obj)
                0x00000000000015f0                z_arm_cpu_idle_init
 .text.arch_cpu_idle
                0x00000000000015fc       0x1c zephyr/arch/arch/arm/core/aarch32/libarch__arm__core__aarch32.a(cpu_idle.S.obj)
                0x00000000000015fc                arch_cpu_idle
 .text.z_arm_fatal_error
                0x0000000000001618       0x5c zephyr/arch/arch/arm/core/aarch32/libarch__arm__core__aarch32.a(fatal.c.obj)
                0x0000000000001618                z_arm_fatal_error
 .text.arch_irq_enable
                0x0000000000001674       0x20 zephyr/arch/arch/arm/core/aarch32/libarch__arm__core__aarch32.a(irq_manage.c.obj)
                0x0000000000001674                arch_irq_enable
 .text.arch_irq_is_enabled
                0x0000000000001694       0x1c zephyr/arch/arch/arm/core/aarch32/libarch__arm__core__aarch32.a(irq_manage.c.obj)
                0x0000000000001694                arch_irq_is_enabled
 .text.z_arm_irq_priority_set
                0x00000000000016b0       0x4c zephyr/arch/arch/arm/core/aarch32/libarch__arm__core__aarch32.a(irq_manage.c.obj)
                0x00000000000016b0                z_arm_irq_priority_set
 .text.z_SysNmiOnReset
                0x00000000000016fc        0x8 zephyr/arch/arch/arm/core/aarch32/libarch__arm__core__aarch32.a(nmi_on_reset.S.obj)
                0x00000000000016fc                z_SysNmiOnReset
 .text.z_arm_prep_c
                0x0000000000001704       0x38 zephyr/arch/arch/arm/core/aarch32/libarch__arm__core__aarch32.a(prep_c.c.obj)
                0x0000000000001704                z_arm_prep_c
 .text.arch_swap
                0x000000000000173c       0x34 zephyr/arch/arch/arm/core/aarch32/libarch__arm__core__aarch32.a(swap.c.obj)
                0x000000000000173c                arch_swap
 .text.z_arm_pendsv
                0x0000000000001770       0x58 zephyr/arch/arch/arm/core/aarch32/libarch__arm__core__aarch32.a(swap_helper.S.obj)
                0x0000000000001770                z_arm_pendsv
 .text.z_arm_svc
                0x00000000000017c8       0x20 zephyr/arch/arch/arm/core/aarch32/libarch__arm__core__aarch32.a(swap_helper.S.obj)
                0x00000000000017c8                z_arm_svc
 .text.arch_new_thread
                0x00000000000017e8       0x38 zephyr/arch/arch/arm/core/aarch32/libarch__arm__core__aarch32.a(thread.c.obj)
                0x00000000000017e8                arch_new_thread
 .text.arch_switch_to_main_thread
                0x0000000000001820       0x28 zephyr/arch/arch/arm/core/aarch32/libarch__arm__core__aarch32.a(thread.c.obj)
                0x0000000000001820                arch_switch_to_main_thread
 .text._isr_wrapper
                0x0000000000001848       0x40 zephyr/arch/arch/arm/core/aarch32/libarch__arm__core__aarch32.a(isr_wrapper.S.obj)
                0x0000000000001848                _isr_wrapper
 .text._HandlerModeExit
                0x0000000000001888       0x1c zephyr/arch/arch/arm/core/aarch32/cortex_m/libarch__arm__core__aarch32__cortex_m.a(exc_exit.S.obj)
                0x0000000000001888                z_arm_exc_exit
                0x0000000000001888                z_arm_int_exit
 .text.secure_fault.constprop.0
                0x00000000000018a4       0xbc zephyr/arch/arch/arm/core/aarch32/cortex_m/libarch__arm__core__aarch32__cortex_m.a(fault.c.obj)
 .text.usage_fault.constprop.0
                0x0000000000001960       0xac zephyr/arch/arch/arm/core/aarch32/cortex_m/libarch__arm__core__aarch32__cortex_m.a(fault.c.obj)
 .text.bus_fault.constprop.0
                0x0000000000001a0c       0xb4 zephyr/arch/arch/arm/core/aarch32/cortex_m/libarch__arm__core__aarch32__cortex_m.a(fault.c.obj)
 .text.mem_manage_fault.constprop.0
                0x0000000000001ac0       0xd8 zephyr/arch/arch/arm/core/aarch32/cortex_m/libarch__arm__core__aarch32__cortex_m.a(fault.c.obj)
 .text.z_arm_fault
                0x0000000000001b98      0x220 zephyr/arch/arch/arm/core/aarch32/cortex_m/libarch__arm__core__aarch32__cortex_m.a(fault.c.obj)
                0x0000000000001b98                z_arm_fault
 .text.z_arm_fault_init
                0x0000000000001db8       0x18 zephyr/arch/arch/arm/core/aarch32/cortex_m/libarch__arm__core__aarch32__cortex_m.a(fault.c.obj)
                0x0000000000001db8                z_arm_fault_init
 .text.__fault  0x0000000000001dd0       0x14 zephyr/arch/arch/arm/core/aarch32/cortex_m/libarch__arm__core__aarch32__cortex_m.a(fault_s.S.obj)
                0x0000000000001dd0                z_arm_secure_fault
                0x0000000000001dd0                z_arm_bus_fault
                0x0000000000001dd0                z_arm_usage_fault
                0x0000000000001dd0                z_arm_mpu_fault
                0x0000000000001dd0                z_arm_exc_spurious
                0x0000000000001dd0                z_arm_debug_monitor
                0x0000000000001dd0                z_arm_hard_fault
 .text.z_arm_interrupt_init
                0x0000000000001de4       0x18 zephyr/arch/arch/arm/core/aarch32/cortex_m/libarch__arm__core__aarch32__cortex_m.a(irq_init.c.obj)
                0x0000000000001de4                z_arm_interrupt_init
 .text._reset_section
                0x0000000000001dfc       0x60 zephyr/arch/arch/arm/core/aarch32/cortex_m/libarch__arm__core__aarch32__cortex_m.a(reset.S.obj)
                0x0000000000001dfc                z_arm_reset
                0x0000000000001dfc                __start
 .text.sys_arch_reboot
                0x0000000000001e5c       0x24 zephyr/arch/arch/arm/core/aarch32/cortex_m/libarch__arm__core__aarch32__cortex_m.a(scb.c.obj)
                0x0000000000001e5c                sys_arch_reboot
 .text.z_arm_clear_arm_mpu_config
                0x0000000000001e80       0x24 zephyr/arch/arch/arm/core/aarch32/cortex_m/libarch__arm__core__aarch32__cortex_m.a(scb.c.obj)
                0x0000000000001e80                z_arm_clear_arm_mpu_config
 .text.z_arm_init_arch_hw_at_boot
                0x0000000000001ea4       0x48 zephyr/arch/arch/arm/core/aarch32/cortex_m/libarch__arm__core__aarch32__cortex_m.a(scb.c.obj)
                0x0000000000001ea4                z_arm_init_arch_hw_at_boot
 .text.z_impl_k_thread_abort
                0x0000000000001eec       0x24 zephyr/arch/arch/arm/core/aarch32/cortex_m/libarch__arm__core__aarch32__cortex_m.a(thread_abort.c.obj)
                0x0000000000001eec                z_impl_k_thread_abort
 .text.tz_nonsecure_state_setup
                0x0000000000001f10       0x3c zephyr/arch/arch/arm/core/aarch32/cortex_m/tz/libarch__arm__core__aarch32__cortex_m__tz.a(arm_core_tz.c.obj)
                0x0000000000001f10                tz_nonsecure_state_setup
 .text.tz_nbanked_exception_target_state_set
                0x0000000000001f4c       0x28 zephyr/arch/arch/arm/core/aarch32/cortex_m/tz/libarch__arm__core__aarch32__cortex_m__tz.a(arm_core_tz.c.obj)
                0x0000000000001f4c                tz_nbanked_exception_target_state_set
 .text.tz_nonsecure_exception_prio_config
                0x0000000000001f74       0x28 zephyr/arch/arch/arm/core/aarch32/cortex_m/tz/libarch__arm__core__aarch32__cortex_m__tz.a(arm_core_tz.c.obj)
                0x0000000000001f74                tz_nonsecure_exception_prio_config
 .text.tz_nonsecure_system_reset_req_block
                0x0000000000001f9c       0x28 zephyr/arch/arch/arm/core/aarch32/cortex_m/tz/libarch__arm__core__aarch32__cortex_m__tz.a(arm_core_tz.c.obj)
                0x0000000000001f9c                tz_nonsecure_system_reset_req_block
 .text.tz_nonsecure_fpu_access_enable
                0x0000000000001fc4       0x14 zephyr/arch/arch/arm/core/aarch32/cortex_m/tz/libarch__arm__core__aarch32__cortex_m__tz.a(arm_core_tz.c.obj)
                0x0000000000001fc4                tz_nonsecure_fpu_access_enable
 .text.tz_sau_configure
                0x0000000000001fd8       0x30 zephyr/arch/arch/arm/core/aarch32/cortex_m/tz/libarch__arm__core__aarch32__cortex_m__tz.a(arm_core_tz.c.obj)
                0x0000000000001fd8                tz_sau_configure
 .text.z_arm_configure_static_mpu_regions
                0x0000000000002008       0x38 zephyr/arch/arch/arm/core/aarch32/mpu/libarch__arm__core__aarch32__mpu.a(arm_core_mpu.c.obj)
                0x0000000000002008                z_arm_configure_static_mpu_regions
 .text.region_init
                0x0000000000002040       0x34 zephyr/arch/arch/arm/core/aarch32/mpu/libarch__arm__core__aarch32__mpu.a(arm_mpu.c.obj)
 .text.mpu_configure_region
                0x0000000000002074       0x50 zephyr/arch/arch/arm/core/aarch32/mpu/libarch__arm__core__aarch32__mpu.a(arm_mpu.c.obj)
 .text.mpu_configure_regions_and_partition.constprop.0
                0x00000000000020c4      0x184 zephyr/arch/arch/arm/core/aarch32/mpu/libarch__arm__core__aarch32__mpu.a(arm_mpu.c.obj)
 .text.arm_core_mpu_enable
                0x0000000000002248       0x18 zephyr/arch/arch/arm/core/aarch32/mpu/libarch__arm__core__aarch32__mpu.a(arm_mpu.c.obj)
                0x0000000000002248                arm_core_mpu_enable
 .text.arm_core_mpu_disable
                0x0000000000002260       0x14 zephyr/arch/arch/arm/core/aarch32/mpu/libarch__arm__core__aarch32__mpu.a(arm_mpu.c.obj)
                0x0000000000002260                arm_core_mpu_disable
 .text.arm_core_mpu_configure_static_mpu_regions
                0x0000000000002274       0x38 zephyr/arch/arch/arm/core/aarch32/mpu/libarch__arm__core__aarch32__mpu.a(arm_mpu.c.obj)
                0x0000000000002274                arm_core_mpu_configure_static_mpu_regions
 .text.arm_core_mpu_mark_areas_for_dynamic_regions
                0x00000000000022ac       0xdc zephyr/arch/arch/arm/core/aarch32/mpu/libarch__arm__core__aarch32__mpu.a(arm_mpu.c.obj)
                0x00000000000022ac                arm_core_mpu_mark_areas_for_dynamic_regions
 .text.z_arm_mpu_init
                0x0000000000002388       0x90 zephyr/arch/arch/arm/core/aarch32/mpu/libarch__arm__core__aarch32__mpu.a(arm_mpu.c.obj)
                0x0000000000002388                z_arm_mpu_init
 .text.__stdout_hook_install
                0x0000000000002418        0xc zephyr/lib/libc/minimal/liblib__libc__minimal.a(stdout_console.c.obj)
                0x0000000000002418                __stdout_hook_install
 .text.onoff_start
                0x0000000000002424       0x3c zephyr/drivers/clock_control/libdrivers__clock_control.a(clock_control_nrf.c.obj)
 .text.get_status
                0x0000000000002460       0x34 zephyr/drivers/clock_control/libdrivers__clock_control.a(clock_control_nrf.c.obj)
 .text.stop     0x0000000000002494       0x78 zephyr/drivers/clock_control/libdrivers__clock_control.a(clock_control_nrf.c.obj)
 .text.onoff_stop
                0x000000000000250c       0x28 zephyr/drivers/clock_control/libdrivers__clock_control.a(clock_control_nrf.c.obj)
 .text.clk_init
                0x0000000000002534       0x60 zephyr/drivers/clock_control/libdrivers__clock_control.a(clock_control_nrf.c.obj)
 .text.clkstarted_handle.constprop.0
                0x0000000000002594       0x34 zephyr/drivers/clock_control/libdrivers__clock_control.a(clock_control_nrf.c.obj)
 .text.clock_event_handler
                0x00000000000025c8       0x58 zephyr/drivers/clock_control/libdrivers__clock_control.a(clock_control_nrf.c.obj)
 .text.generic_hfclk_start
                0x0000000000002620       0x64 zephyr/drivers/clock_control/libdrivers__clock_control.a(clock_control_nrf.c.obj)
 .text.api_blocking_start
                0x0000000000002684       0x34 zephyr/drivers/clock_control/libdrivers__clock_control.a(clock_control_nrf.c.obj)
 .text.generic_hfclk_stop
                0x00000000000026b8       0x24 zephyr/drivers/clock_control/libdrivers__clock_control.a(clock_control_nrf.c.obj)
 .text.uart_console_init
                0x00000000000026dc       0x30 zephyr/drivers/console/libdrivers__console.a(uart_console.c.obj)
 .text.console_out
                0x000000000000270c       0x28 zephyr/drivers/console/libdrivers__console.a(uart_console.c.obj)
 .text.nrf_gpio_pin_port_decode
                0x0000000000002734       0x64 zephyr/drivers/serial/libdrivers__serial.a(uart_nrfx_uarte.c.obj)
 .text.uarte_nrfx_configure
                0x0000000000002798      0x164 zephyr/drivers/serial/libdrivers__serial.a(uart_nrfx_uarte.c.obj)
 .text.uarte_nrfx_poll_out
                0x00000000000028fc       0xc4 zephyr/drivers/serial/libdrivers__serial.a(uart_nrfx_uarte.c.obj)
 .text.entropy_cc3xx_rng_get_entropy
                0x00000000000029c0       0x74 zephyr/drivers/entropy/libdrivers__entropy.a(entropy_cc310.c.obj)
 .text.elapsed  0x0000000000002a34       0x3c zephyr/drivers/timer/libdrivers__timer.a(cortex_m_systick.c.obj)
 .text.sys_clock_driver_init
                0x0000000000002a70       0x30 zephyr/drivers/timer/libdrivers__timer.a(cortex_m_systick.c.obj)
 .text.sys_clock_isr
                0x0000000000002aa0       0x38 zephyr/drivers/timer/libdrivers__timer.a(cortex_m_systick.c.obj)
                0x0000000000002aa0                sys_clock_isr
 .text.sys_clock_set_timeout
                0x0000000000002ad8      0x108 zephyr/drivers/timer/libdrivers__timer.a(cortex_m_systick.c.obj)
                0x0000000000002ad8                sys_clock_set_timeout
 .text.sys_clock_elapsed
                0x0000000000002be0       0x7c zephyr/drivers/timer/libdrivers__timer.a(cortex_m_systick.c.obj)
                0x0000000000002be0                sys_clock_elapsed
 .text.sys_clock_idle_exit
                0x0000000000002c5c       0x1c zephyr/drivers/timer/libdrivers__timer.a(cortex_m_systick.c.obj)
                0x0000000000002c5c                sys_clock_idle_exit
 .text.k_sys_fatal_error_handler
                0x0000000000002c78       0x14 modules/nrf/lib/fatal_error/lib..__nrf__lib__fatal_error.a(fatal_error.c.obj)
                0x0000000000002c78                k_sys_fatal_error_handler
 .text.check_ext_api_requests
                0x0000000000002c8c       0x9c modules/nrf/subsys/fw_info/lib..__nrf__subsys__fw_info.a(fw_info.c.obj)
 .text.SystemInit
                0x0000000000002d28      0x190 modules/hal_nordic/nrfx/libmodules__hal_nordic__nrfx.a(system_nrf9160.c.obj)
                0x0000000000002d28                SystemInit
 .text.nrfx_clock_init
                0x0000000000002eb8       0x40 modules/hal_nordic/nrfx/libmodules__hal_nordic__nrfx.a(nrfx_clock.c.obj)
                0x0000000000002eb8                nrfx_clock_init
 .text.nrfx_clock_enable
                0x0000000000002ef8       0x3c modules/hal_nordic/nrfx/libmodules__hal_nordic__nrfx.a(nrfx_clock.c.obj)
                0x0000000000002ef8                nrfx_clock_enable
 .text.nrfx_clock_start
                0x0000000000002f34       0xa4 modules/hal_nordic/nrfx/libmodules__hal_nordic__nrfx.a(nrfx_clock.c.obj)
                0x0000000000002f34                nrfx_clock_start
 .text.nrfx_clock_stop
                0x0000000000002fd8       0xb0 modules/hal_nordic/nrfx/libmodules__hal_nordic__nrfx.a(nrfx_clock.c.obj)
                0x0000000000002fd8                nrfx_clock_stop
 .text.nrfx_power_clock_irq_handler
                0x0000000000003088       0x68 modules/hal_nordic/nrfx/libmodules__hal_nordic__nrfx.a(nrfx_clock.c.obj)
                0x0000000000003088                nrfx_power_clock_irq_handler
 .text.z_sys_init_run_level
                0x00000000000030f0       0x40 zephyr/kernel/libkernel.a(device.c.obj)
                0x00000000000030f0                z_sys_init_run_level
 .text.z_fatal_error
                0x0000000000003130       0xb8 zephyr/kernel/libkernel.a(fatal.c.obj)
                0x0000000000003130                z_fatal_error
 .text.init_idle_thread
                0x00000000000031e8       0x54 zephyr/kernel/libkernel.a(init.c.obj)
 .text.bg_thread_main
                0x000000000000323c       0x34 zephyr/kernel/libkernel.a(init.c.obj)
 .text.z_bss_zero
                0x0000000000003270       0x14 zephyr/kernel/libkernel.a(init.c.obj)
                0x0000000000003270                z_bss_zero
 .text.z_cstart
                0x0000000000003284       0xf8 zephyr/kernel/libkernel.a(init.c.obj)
                0x0000000000003284                z_cstart
 .text.init_mem_slab_module
                0x000000000000337c       0x64 zephyr/kernel/libkernel.a(mem_slab.c.obj)
 .text.k_mem_slab_alloc
                0x00000000000033e0       0xb4 zephyr/kernel/libkernel.a(mem_slab.c.obj)
                0x00000000000033e0                k_mem_slab_alloc
 .text.k_mem_slab_free
                0x0000000000003494       0xa4 zephyr/kernel/libkernel.a(mem_slab.c.obj)
                0x0000000000003494                k_mem_slab_free
 .text.z_setup_new_thread
                0x0000000000003538       0xa8 zephyr/kernel/libkernel.a(thread.c.obj)
                0x0000000000003538                z_setup_new_thread
 .text.z_init_static_threads
                0x00000000000035e0       0xf8 zephyr/kernel/libkernel.a(thread.c.obj)
                0x00000000000035e0                z_init_static_threads
 .text.z_spin_lock_valid
                0x00000000000036d8       0x1c zephyr/kernel/libkernel.a(thread.c.obj)
                0x00000000000036d8                z_spin_lock_valid
 .text.z_spin_unlock_valid
                0x00000000000036f4       0x1c zephyr/kernel/libkernel.a(thread.c.obj)
                0x00000000000036f4                z_spin_unlock_valid
 .text.z_spin_lock_set_owner
                0x0000000000003710       0x10 zephyr/kernel/libkernel.a(thread.c.obj)
                0x0000000000003710                z_spin_lock_set_owner
 .text.idle     0x0000000000003720       0x50 zephyr/kernel/libkernel.a(idle.c.obj)
                0x0000000000003720                idle
 .text.z_impl_k_mutex_lock
                0x0000000000003770      0x1a4 zephyr/kernel/libkernel.a(mutex.c.obj)
                0x0000000000003770                z_impl_k_mutex_lock
 .text.z_impl_k_mutex_unlock
                0x0000000000003914      0x130 zephyr/kernel/libkernel.a(mutex.c.obj)
                0x0000000000003914                z_impl_k_mutex_unlock
 .text.z_impl_k_sem_give
                0x0000000000003a44       0x6c zephyr/kernel/libkernel.a(sem.c.obj)
                0x0000000000003a44                z_impl_k_sem_give
 .text.z_impl_k_sem_take
                0x0000000000003ab0       0xd4 zephyr/kernel/libkernel.a(sem.c.obj)
                0x0000000000003ab0                z_impl_k_sem_take
 .text.z_reset_time_slice
                0x0000000000003b84       0x2c zephyr/kernel/libkernel.a(sched.c.obj)
                0x0000000000003b84                z_reset_time_slice
 .text.k_sched_time_slice_set
                0x0000000000003bb0       0xa8 zephyr/kernel/libkernel.a(sched.c.obj)
                0x0000000000003bb0                k_sched_time_slice_set
 .text.z_reschedule
                0x0000000000003c58       0x6c zephyr/kernel/libkernel.a(sched.c.obj)
                0x0000000000003c58                z_reschedule
 .text.k_sched_lock
                0x0000000000003cc4       0xa8 zephyr/kernel/libkernel.a(sched.c.obj)
                0x0000000000003cc4                k_sched_lock
 .text.z_priq_dumb_remove
                0x0000000000003d6c       0x3c zephyr/kernel/libkernel.a(sched.c.obj)
                0x0000000000003d6c                z_priq_dumb_remove
 .text.unpend_thread_no_timeout
                0x0000000000003da8       0x3c zephyr/kernel/libkernel.a(sched.c.obj)
 .text.update_cache
                0x0000000000003de4       0x60 zephyr/kernel/libkernel.a(sched.c.obj)
 .text.move_thread_to_end_of_prio_q
                0x0000000000003e44       0xa0 zephyr/kernel/libkernel.a(sched.c.obj)
 .text.z_time_slice
                0x0000000000003ee4       0xc8 zephyr/kernel/libkernel.a(sched.c.obj)
                0x0000000000003ee4                z_time_slice
 .text.ready_thread
                0x0000000000003fac       0x94 zephyr/kernel/libkernel.a(sched.c.obj)
 .text.z_ready_thread
                0x0000000000004040       0x6c zephyr/kernel/libkernel.a(sched.c.obj)
                0x0000000000004040                z_ready_thread
 .text.z_sched_start
                0x00000000000040ac       0x84 zephyr/kernel/libkernel.a(sched.c.obj)
                0x00000000000040ac                z_sched_start
 .text.z_thread_timeout
                0x0000000000004130       0x90 zephyr/kernel/libkernel.a(sched.c.obj)
                0x0000000000004130                z_thread_timeout
 .text.unready_thread
                0x00000000000041c0       0x38 zephyr/kernel/libkernel.a(sched.c.obj)
 .text.add_to_waitq_locked
                0x00000000000041f8       0x78 zephyr/kernel/libkernel.a(sched.c.obj)
 .text.pend     0x0000000000004270       0x98 zephyr/kernel/libkernel.a(sched.c.obj)
 .text.z_pend_curr
                0x0000000000004308       0x4c zephyr/kernel/libkernel.a(sched.c.obj)
                0x0000000000004308                z_pend_curr
 .text.z_set_prio
                0x0000000000004354      0x104 zephyr/kernel/libkernel.a(sched.c.obj)
                0x0000000000004354                z_set_prio
 .text.z_impl_k_thread_suspend
                0x0000000000004458       0xb0 zephyr/kernel/libkernel.a(sched.c.obj)
                0x0000000000004458                z_impl_k_thread_suspend
 .text.k_sched_unlock
                0x0000000000004508       0xb8 zephyr/kernel/libkernel.a(sched.c.obj)
                0x0000000000004508                k_sched_unlock
 .text.z_unpend_first_thread
                0x00000000000045c0       0x7c zephyr/kernel/libkernel.a(sched.c.obj)
                0x00000000000045c0                z_unpend_first_thread
 .text.z_sched_init
                0x000000000000463c       0x18 zephyr/kernel/libkernel.a(sched.c.obj)
                0x000000000000463c                z_sched_init
 .text.z_impl_k_yield
                0x0000000000004654      0x108 zephyr/kernel/libkernel.a(sched.c.obj)
                0x0000000000004654                z_impl_k_yield
 .text.z_tick_sleep
                0x000000000000475c      0x114 zephyr/kernel/libkernel.a(sched.c.obj)
 .text.z_impl_k_sleep
                0x0000000000004870       0x60 zephyr/kernel/libkernel.a(sched.c.obj)
                0x0000000000004870                z_impl_k_sleep
 .text.z_impl_z_current_get
                0x00000000000048d0        0xc zephyr/kernel/libkernel.a(sched.c.obj)
                0x00000000000048d0                z_impl_z_current_get
 .text.z_thread_abort
                0x00000000000048dc      0x128 zephyr/kernel/libkernel.a(sched.c.obj)
                0x00000000000048dc                z_thread_abort
 .text.z_data_copy
                0x0000000000004a04       0x34 zephyr/kernel/libkernel.a(xip.c.obj)
                0x0000000000004a04                z_data_copy
 .text.elapsed  0x0000000000004a38       0x14 zephyr/kernel/libkernel.a(timeout.c.obj)
 .text.next_timeout
                0x0000000000004a4c       0x50 zephyr/kernel/libkernel.a(timeout.c.obj)
 .text.remove_timeout
                0x0000000000004a9c       0x34 zephyr/kernel/libkernel.a(timeout.c.obj)
 .text.z_add_timeout
                0x0000000000004ad0      0x15c zephyr/kernel/libkernel.a(timeout.c.obj)
                0x0000000000004ad0                z_add_timeout
 .text.z_abort_timeout
                0x0000000000004c2c       0x78 zephyr/kernel/libkernel.a(timeout.c.obj)
                0x0000000000004c2c                z_abort_timeout
 .text.z_get_next_timeout_expiry
                0x0000000000004ca4       0x6c zephyr/kernel/libkernel.a(timeout.c.obj)
                0x0000000000004ca4                z_get_next_timeout_expiry
 .text.z_set_timeout_expiry
                0x0000000000004d10       0x7c zephyr/kernel/libkernel.a(timeout.c.obj)
                0x0000000000004d10                z_set_timeout_expiry
 .text.sys_clock_announce
                0x0000000000004d8c      0x13c zephyr/kernel/libkernel.a(timeout.c.obj)
                0x0000000000004d8c                sys_clock_announce
 .text.sys_clock_tick_get
                0x0000000000004ec8       0x7c zephyr/kernel/libkernel.a(timeout.c.obj)
                0x0000000000004ec8                sys_clock_tick_get
 .text.boot_banner
                0x0000000000004f44       0x18 zephyr/kernel/libkernel.a(banner.c.obj)
                0x0000000000004f44                boot_banner
 .text.nrf_cc3xx_platform_init
                0x0000000000004f5c       0x44 /Users/macbookpro/work/NCS_SDK/nrfxlib/crypto/nrf_cc310_platform/lib/cortex-m33/soft-float/no-interrupts/libnrf_cc310_platform_0.9.13.a(nrf_cc3xx_platform.c.obj)
                0x0000000000004f5c                nrf_cc3xx_platform_init
 .text.nrf_cc3xx_platform_abort
                0x0000000000004fa0       0x24 /Users/macbookpro/work/NCS_SDK/nrfxlib/crypto/nrf_cc310_platform/lib/cortex-m33/soft-float/no-interrupts/libnrf_cc310_platform_0.9.13.a(nrf_cc3xx_platform_abort.c.obj)
 .text.CC_PalAbort
                0x0000000000004fc4       0x38 /Users/macbookpro/work/NCS_SDK/nrfxlib/crypto/nrf_cc310_platform/lib/cortex-m33/soft-float/no-interrupts/libnrf_cc310_platform_0.9.13.a(nrf_cc3xx_platform_abort.c.obj)
                0x0000000000004fc4                CC_PalAbort
 .text.nrf_cc3xx_platform_set_abort
                0x0000000000004ffc       0x10 /Users/macbookpro/work/NCS_SDK/nrfxlib/crypto/nrf_cc310_platform/lib/cortex-m33/soft-float/no-interrupts/libnrf_cc310_platform_0.9.13.a(nrf_cc3xx_platform_abort.c.obj)
                0x0000000000004ffc                nrf_cc3xx_platform_set_abort
 .text.nrf_cc3xx_platform_ctr_drbg_init
                0x000000000000500c       0x68 /Users/macbookpro/work/NCS_SDK/nrfxlib/crypto/nrf_cc310_platform/lib/cortex-m33/soft-float/no-interrupts/libnrf_cc310_platform_0.9.13.a(nrf_cc3xx_platform_ctr_drbg.c.obj)
                0x000000000000500c                nrf_cc3xx_platform_ctr_drbg_init
 .text.nrf_cc3xx_platform_ctr_drbg_get
                0x0000000000005074       0x44 /Users/macbookpro/work/NCS_SDK/nrfxlib/crypto/nrf_cc310_platform/lib/cortex-m33/soft-float/no-interrupts/libnrf_cc310_platform_0.9.13.a(nrf_cc3xx_platform_ctr_drbg.c.obj)
                0x0000000000005074                nrf_cc3xx_platform_ctr_drbg_get
 .text.mutex_free
                0x00000000000050b8       0x28 /Users/macbookpro/work/NCS_SDK/nrfxlib/crypto/nrf_cc310_platform/lib/cortex-m33/soft-float/no-interrupts/libnrf_cc310_platform_0.9.13.a(nrf_cc3xx_platform_mutex.c.obj)
 .text.mutex_unlock
                0x00000000000050e0       0x2c /Users/macbookpro/work/NCS_SDK/nrfxlib/crypto/nrf_cc310_platform/lib/cortex-m33/soft-float/no-interrupts/libnrf_cc310_platform_0.9.13.a(nrf_cc3xx_platform_mutex.c.obj)
 .text.mutex_init
                0x000000000000510c       0x1c /Users/macbookpro/work/NCS_SDK/nrfxlib/crypto/nrf_cc310_platform/lib/cortex-m33/soft-float/no-interrupts/libnrf_cc310_platform_0.9.13.a(nrf_cc3xx_platform_mutex.c.obj)
 .text.mutex_lock
                0x0000000000005128       0x3c /Users/macbookpro/work/NCS_SDK/nrfxlib/crypto/nrf_cc310_platform/lib/cortex-m33/soft-float/no-interrupts/libnrf_cc310_platform_0.9.13.a(nrf_cc3xx_platform_mutex.c.obj)
 .text.nrf_cc3xx_platform_set_mutexes
                0x0000000000005164       0x64 /Users/macbookpro/work/NCS_SDK/nrfxlib/crypto/nrf_cc310_platform/lib/cortex-m33/soft-float/no-interrupts/libnrf_cc310_platform_0.9.13.a(nrf_cc3xx_platform_mutex.c.obj)
                0x0000000000005164                nrf_cc3xx_platform_set_mutexes
 .text.mbedtls_zeroize_internal
                0x00000000000051c8       0x14 /Users/macbookpro/work/NCS_SDK/nrfxlib/crypto/nrf_cc310_platform/lib/cortex-m33/soft-float/no-interrupts/libnrf_cc310_platform_0.9.13.a(mbedtls_common.c.obj)
                0x00000000000051c8                mbedtls_zeroize_internal
 .text.mbedtls_platform_zeroize
                0x00000000000051dc       0x14 /Users/macbookpro/work/NCS_SDK/nrfxlib/crypto/nrf_cc310_platform/lib/cortex-m33/soft-float/no-interrupts/libnrf_cc310_platform_0.9.13.a(mbedtls_common.c.obj)
                0x00000000000051dc                mbedtls_platform_zeroize
 .text.block_cipher_df
                0x00000000000051f0      0x280 /Users/macbookpro/work/NCS_SDK/nrfxlib/crypto/nrf_cc310_platform/lib/cortex-m33/soft-float/no-interrupts/libnrf_cc310_platform_0.9.13.a(ctr_drbg.c.obj)
 .text.ctr_drbg_update_internal
                0x0000000000005470      0x148 /Users/macbookpro/work/NCS_SDK/nrfxlib/crypto/nrf_cc310_platform/lib/cortex-m33/soft-float/no-interrupts/libnrf_cc310_platform_0.9.13.a(ctr_drbg.c.obj)
 .text.mbedtls_ctr_drbg_reseed_internal
                0x00000000000055b8       0xc8 /Users/macbookpro/work/NCS_SDK/nrfxlib/crypto/nrf_cc310_platform/lib/cortex-m33/soft-float/no-interrupts/libnrf_cc310_platform_0.9.13.a(ctr_drbg.c.obj)
 .text.cc_mbedtls_ctr_drbg_init
                0x0000000000005680       0x2c /Users/macbookpro/work/NCS_SDK/nrfxlib/crypto/nrf_cc310_platform/lib/cortex-m33/soft-float/no-interrupts/libnrf_cc310_platform_0.9.13.a(ctr_drbg.c.obj)
                0x0000000000005680                cc_mbedtls_ctr_drbg_init
 .text.cc_mbedtls_ctr_drbg_seed
                0x00000000000056ac       0x9c /Users/macbookpro/work/NCS_SDK/nrfxlib/crypto/nrf_cc310_platform/lib/cortex-m33/soft-float/no-interrupts/libnrf_cc310_platform_0.9.13.a(ctr_drbg.c.obj)
                0x00000000000056ac                cc_mbedtls_ctr_drbg_seed
 .text.cc_mbedtls_ctr_drbg_random_with_add
                0x0000000000005748      0x1e8 /Users/macbookpro/work/NCS_SDK/nrfxlib/crypto/nrf_cc310_platform/lib/cortex-m33/soft-float/no-interrupts/libnrf_cc310_platform_0.9.13.a(ctr_drbg.c.obj)
                0x0000000000005748                cc_mbedtls_ctr_drbg_random_with_add
 .text.entropy_update
                0x0000000000005930       0x7c /Users/macbookpro/work/NCS_SDK/nrfxlib/crypto/nrf_cc310_platform/lib/cortex-m33/soft-float/no-interrupts/libnrf_cc310_platform_0.9.13.a(entropy.c.obj)
 .text.entropy_gather_internal.part.0
                0x00000000000059ac       0x78 /Users/macbookpro/work/NCS_SDK/nrfxlib/crypto/nrf_cc310_platform/lib/cortex-m33/soft-float/no-interrupts/libnrf_cc310_platform_0.9.13.a(entropy.c.obj)
 .text.cc_mbedtls_entropy_init
                0x0000000000005a24       0x80 /Users/macbookpro/work/NCS_SDK/nrfxlib/crypto/nrf_cc310_platform/lib/cortex-m33/soft-float/no-interrupts/libnrf_cc310_platform_0.9.13.a(entropy.c.obj)
                0x0000000000005a24                cc_mbedtls_entropy_init
 .text.cc_mbedtls_entropy_func
                0x0000000000005aa4      0x10c /Users/macbookpro/work/NCS_SDK/nrfxlib/crypto/nrf_cc310_platform/lib/cortex-m33/soft-float/no-interrupts/libnrf_cc310_platform_0.9.13.a(entropy.c.obj)
                0x0000000000005aa4                cc_mbedtls_entropy_func
 .text.RndStartupTest.constprop.0
                0x0000000000005bb0       0xa4 /Users/macbookpro/work/NCS_SDK/nrfxlib/crypto/nrf_cc310_platform/lib/cortex-m33/soft-float/no-interrupts/libnrf_cc310_platform_0.9.13.a(cc_lib.c.obj)
 .text.CC_LibInit
                0x0000000000005c54       0xb0 /Users/macbookpro/work/NCS_SDK/nrfxlib/crypto/nrf_cc310_platform/lib/cortex-m33/soft-float/no-interrupts/libnrf_cc310_platform_0.9.13.a(cc_lib.c.obj)
                0x0000000000005c54                CC_LibInit
 .text.CC_HalInit
                0x0000000000005d04        0x4 /Users/macbookpro/work/NCS_SDK/nrfxlib/crypto/nrf_cc310_platform/lib/cortex-m33/soft-float/no-interrupts/libnrf_cc310_platform_0.9.13.a(cc_hal.c.obj)
                0x0000000000005d04                CC_HalInit
 .text.CC_HalTerminate
                0x0000000000005d08        0x4 /Users/macbookpro/work/NCS_SDK/nrfxlib/crypto/nrf_cc310_platform/lib/cortex-m33/soft-float/no-interrupts/libnrf_cc310_platform_0.9.13.a(cc_hal.c.obj)
                0x0000000000005d08                CC_HalTerminate
 .text.CC_HalClearInterruptBit
                0x0000000000005d0c       0x1c /Users/macbookpro/work/NCS_SDK/nrfxlib/crypto/nrf_cc310_platform/lib/cortex-m33/soft-float/no-interrupts/libnrf_cc310_platform_0.9.13.a(cc_hal.c.obj)
                0x0000000000005d0c                CC_HalClearInterruptBit
 .text.CC_HalMaskInterrupt
                0x0000000000005d28        0xc /Users/macbookpro/work/NCS_SDK/nrfxlib/crypto/nrf_cc310_platform/lib/cortex-m33/soft-float/no-interrupts/libnrf_cc310_platform_0.9.13.a(cc_hal.c.obj)
                0x0000000000005d28                CC_HalMaskInterrupt
 .text.CC_HalWaitInterrupt
                0x0000000000005d34        0xc /Users/macbookpro/work/NCS_SDK/nrfxlib/crypto/nrf_cc310_platform/lib/cortex-m33/soft-float/no-interrupts/libnrf_cc310_platform_0.9.13.a(cc_hal.c.obj)
                0x0000000000005d34                CC_HalWaitInterrupt
 .text.CC_HalWaitInterruptRND
                0x0000000000005d40        0xc /Users/macbookpro/work/NCS_SDK/nrfxlib/crypto/nrf_cc310_platform/lib/cortex-m33/soft-float/no-interrupts/libnrf_cc310_platform_0.9.13.a(cc_hal.c.obj)
                0x0000000000005d40                CC_HalWaitInterruptRND
 .text.CC_PalInit
                0x0000000000005d4c       0x5c /Users/macbookpro/work/NCS_SDK/nrfxlib/crypto/nrf_cc310_platform/lib/cortex-m33/soft-float/no-interrupts/libnrf_cc310_platform_0.9.13.a(cc_pal.c.obj)
                0x0000000000005d4c                CC_PalInit
 .text.CC_PalTerminate
                0x0000000000005da8       0x34 /Users/macbookpro/work/NCS_SDK/nrfxlib/crypto/nrf_cc310_platform/lib/cortex-m33/soft-float/no-interrupts/libnrf_cc310_platform_0.9.13.a(cc_pal.c.obj)
                0x0000000000005da8                CC_PalTerminate
 .text.CC_PalDmaInit
                0x0000000000005ddc        0x4 /Users/macbookpro/work/NCS_SDK/nrfxlib/crypto/nrf_cc310_platform/lib/cortex-m33/soft-float/no-interrupts/libnrf_cc310_platform_0.9.13.a(cc_pal_dma.c.obj)
                0x0000000000005ddc                CC_PalDmaInit
 .text.CC_PalDmaTerminate
                0x0000000000005de0        0x4 /Users/macbookpro/work/NCS_SDK/nrfxlib/crypto/nrf_cc310_platform/lib/cortex-m33/soft-float/no-interrupts/libnrf_cc310_platform_0.9.13.a(cc_pal_dma.c.obj)
                0x0000000000005de0                CC_PalDmaTerminate
 .text.CC_PalWaitInterruptRND
                0x0000000000005de4       0x30 /Users/macbookpro/work/NCS_SDK/nrfxlib/crypto/nrf_cc310_platform/lib/cortex-m33/soft-float/no-interrupts/libnrf_cc310_platform_0.9.13.a(cc_pal_interrupt_ctrl.c.obj)
                0x0000000000005de4                CC_PalWaitInterruptRND
 .text.CC_PalWaitInterrupt
                0x0000000000005e14       0x1c /Users/macbookpro/work/NCS_SDK/nrfxlib/crypto/nrf_cc310_platform/lib/cortex-m33/soft-float/no-interrupts/libnrf_cc310_platform_0.9.13.a(cc_pal_interrupt_ctrl.c.obj)
                0x0000000000005e14                CC_PalWaitInterrupt
 .text.CC_PalMutexCreate
                0x0000000000005e30       0x14 /Users/macbookpro/work/NCS_SDK/nrfxlib/crypto/nrf_cc310_platform/lib/cortex-m33/soft-float/no-interrupts/libnrf_cc310_platform_0.9.13.a(cc_pal_mutex.c.obj)
                0x0000000000005e30                CC_PalMutexCreate
 .text.CC_PalMutexDestroy
                0x0000000000005e44       0x14 /Users/macbookpro/work/NCS_SDK/nrfxlib/crypto/nrf_cc310_platform/lib/cortex-m33/soft-float/no-interrupts/libnrf_cc310_platform_0.9.13.a(cc_pal_mutex.c.obj)
                0x0000000000005e44                CC_PalMutexDestroy
 .text.CC_PalMutexLock
                0x0000000000005e58       0x10 /Users/macbookpro/work/NCS_SDK/nrfxlib/crypto/nrf_cc310_platform/lib/cortex-m33/soft-float/no-interrupts/libnrf_cc310_platform_0.9.13.a(cc_pal_mutex.c.obj)
                0x0000000000005e58                CC_PalMutexLock
 .text.CC_PalMutexUnlock
                0x0000000000005e68       0x14 /Users/macbookpro/work/NCS_SDK/nrfxlib/crypto/nrf_cc310_platform/lib/cortex-m33/soft-float/no-interrupts/libnrf_cc310_platform_0.9.13.a(cc_pal_mutex.c.obj)
                0x0000000000005e68                CC_PalMutexUnlock
 .text.CC_PalPowerSaveModeInit
                0x0000000000005e7c       0x3c /Users/macbookpro/work/NCS_SDK/nrfxlib/crypto/nrf_cc310_platform/lib/cortex-m33/soft-float/no-interrupts/libnrf_cc310_platform_0.9.13.a(cc_pal_pm.c.obj)
                0x0000000000005e7c                CC_PalPowerSaveModeInit
 .text.CC_PalPowerSaveModeSelect
                0x0000000000005eb8       0x84 /Users/macbookpro/work/NCS_SDK/nrfxlib/crypto/nrf_cc310_platform/lib/cortex-m33/soft-float/no-interrupts/libnrf_cc310_platform_0.9.13.a(cc_pal_pm.c.obj)
                0x0000000000005eb8                CC_PalPowerSaveModeSelect
 .text.mutex_init
                0x0000000000005f3c        0xc /Users/macbookpro/work/NCS_SDK/nrfxlib/crypto/nrf_cc310_platform/lib/cortex-m33/soft-float/no-interrupts/libnrf_cc310_platform_0.9.13.a(threading_alt.c.obj)
                0x0000000000005f3c                mutex_init
 .text.mutex_lock
                0x0000000000005f48        0xc /Users/macbookpro/work/NCS_SDK/nrfxlib/crypto/nrf_cc310_platform/lib/cortex-m33/soft-float/no-interrupts/libnrf_cc310_platform_0.9.13.a(threading_alt.c.obj)
                0x0000000000005f48                mutex_lock
 .text.mutex_unlock
                0x0000000000005f54        0xc /Users/macbookpro/work/NCS_SDK/nrfxlib/crypto/nrf_cc310_platform/lib/cortex-m33/soft-float/no-interrupts/libnrf_cc310_platform_0.9.13.a(threading_alt.c.obj)
                0x0000000000005f54                mutex_unlock
 .text.startTrngHW
                0x0000000000005f60      0x158 /Users/macbookpro/work/NCS_SDK/nrfxlib/crypto/nrf_cc310_platform/lib/cortex-m33/soft-float/no-interrupts/libnrf_cc310_platform_0.9.13.a(llf_rnd_trng90b.c.obj)
 .text.LLF_RND_RepetitionCounterTest.part.0
                0x00000000000060b8       0x58 /Users/macbookpro/work/NCS_SDK/nrfxlib/crypto/nrf_cc310_platform/lib/cortex-m33/soft-float/no-interrupts/libnrf_cc310_platform_0.9.13.a(llf_rnd_trng90b.c.obj)
 .text.LLF_RND_AdaptiveProportionTest
                0x0000000000006110       0xcc /Users/macbookpro/work/NCS_SDK/nrfxlib/crypto/nrf_cc310_platform/lib/cortex-m33/soft-float/no-interrupts/libnrf_cc310_platform_0.9.13.a(llf_rnd_trng90b.c.obj)
                0x0000000000006110                LLF_RND_AdaptiveProportionTest
 .text.getTrngSource
                0x00000000000061dc      0x2d8 /Users/macbookpro/work/NCS_SDK/nrfxlib/crypto/nrf_cc310_platform/lib/cortex-m33/soft-float/no-interrupts/libnrf_cc310_platform_0.9.13.a(llf_rnd_trng90b.c.obj)
 .text.LLF_RND_GetTrngSource
                0x00000000000064b4       0x18 /Users/macbookpro/work/NCS_SDK/nrfxlib/crypto/nrf_cc310_platform/lib/cortex-m33/soft-float/no-interrupts/libnrf_cc310_platform_0.9.13.a(llf_rnd_trng90b.c.obj)
                0x00000000000064b4                LLF_RND_GetTrngSource
 .text.LLF_RND_RunTrngStartupTest
                0x00000000000064cc       0x1c /Users/macbookpro/work/NCS_SDK/nrfxlib/crypto/nrf_cc310_platform/lib/cortex-m33/soft-float/no-interrupts/libnrf_cc310_platform_0.9.13.a(llf_rnd_trng90b.c.obj)
                0x00000000000064cc                LLF_RND_RunTrngStartupTest
 .text.mbedtls_hardware_poll
                0x00000000000064e8      0x104 /Users/macbookpro/work/NCS_SDK/nrfxlib/crypto/nrf_cc310_platform/lib/cortex-m33/soft-float/no-interrupts/libnrf_cc310_platform_0.9.13.a(trng_api.c.obj)
                0x00000000000064e8                mbedtls_hardware_poll
 .text.cc_mbedtls_aes_init
                0x00000000000065ec       0x20 /Users/macbookpro/work/NCS_SDK/nrfxlib/crypto/nrf_cc310_platform/lib/cortex-m33/soft-float/no-interrupts/libnrf_cc310_platform_0.9.13.a(aes_alt.c.obj)
                0x00000000000065ec                cc_mbedtls_aes_init
 .text.cc_mbedtls_aes_free
                0x000000000000660c        0xc /Users/macbookpro/work/NCS_SDK/nrfxlib/crypto/nrf_cc310_platform/lib/cortex-m33/soft-float/no-interrupts/libnrf_cc310_platform_0.9.13.a(aes_alt.c.obj)
                0x000000000000660c                cc_mbedtls_aes_free
 .text.cc_mbedtls_aes_setkey_enc
                0x0000000000006618       0x34 /Users/macbookpro/work/NCS_SDK/nrfxlib/crypto/nrf_cc310_platform/lib/cortex-m33/soft-float/no-interrupts/libnrf_cc310_platform_0.9.13.a(aes_alt.c.obj)
                0x0000000000006618                cc_mbedtls_aes_setkey_enc
 .text.cc_mbedtls_aes_crypt_ecb
                0x000000000000664c       0x54 /Users/macbookpro/work/NCS_SDK/nrfxlib/crypto/nrf_cc310_platform/lib/cortex-m33/soft-float/no-interrupts/libnrf_cc310_platform_0.9.13.a(aes_alt.c.obj)
                0x000000000000664c                cc_mbedtls_aes_crypt_ecb
 .text.cc_mbedtls_sha256_init
                0x00000000000066a0       0x28 /Users/macbookpro/work/NCS_SDK/nrfxlib/crypto/nrf_cc310_platform/lib/cortex-m33/soft-float/no-interrupts/libnrf_cc310_platform_0.9.13.a(sha256_alt.c.obj)
                0x00000000000066a0                cc_mbedtls_sha256_init
 .text.cc_mbedtls_sha256_free
                0x00000000000066c8        0xc /Users/macbookpro/work/NCS_SDK/nrfxlib/crypto/nrf_cc310_platform/lib/cortex-m33/soft-float/no-interrupts/libnrf_cc310_platform_0.9.13.a(sha256_alt.c.obj)
                0x00000000000066c8                cc_mbedtls_sha256_free
 .text.cc_mbedtls_sha256_starts
                0x00000000000066d4       0x28 /Users/macbookpro/work/NCS_SDK/nrfxlib/crypto/nrf_cc310_platform/lib/cortex-m33/soft-float/no-interrupts/libnrf_cc310_platform_0.9.13.a(sha256_alt.c.obj)
                0x00000000000066d4                cc_mbedtls_sha256_starts
 .text.cc_mbedtls_sha256_update
                0x00000000000066fc       0x54 /Users/macbookpro/work/NCS_SDK/nrfxlib/crypto/nrf_cc310_platform/lib/cortex-m33/soft-float/no-interrupts/libnrf_cc310_platform_0.9.13.a(sha256_alt.c.obj)
                0x00000000000066fc                cc_mbedtls_sha256_update
 .text.cc_mbedtls_sha256_finish
                0x0000000000006750       0x48 /Users/macbookpro/work/NCS_SDK/nrfxlib/crypto/nrf_cc310_platform/lib/cortex-m33/soft-float/no-interrupts/libnrf_cc310_platform_0.9.13.a(sha256_alt.c.obj)
                0x0000000000006750                cc_mbedtls_sha256_finish
 .text.mbedtls_sha_starts_internal
                0x0000000000006798       0x28 /Users/macbookpro/work/NCS_SDK/nrfxlib/crypto/nrf_cc310_platform/lib/cortex-m33/soft-float/no-interrupts/libnrf_cc310_platform_0.9.13.a(mbedtls_hash_common.c.obj)
                0x0000000000006798                mbedtls_sha_starts_internal
 .text.mbedtls_sha_finish_internal
                0x00000000000067c0       0x5c /Users/macbookpro/work/NCS_SDK/nrfxlib/crypto/nrf_cc310_platform/lib/cortex-m33/soft-float/no-interrupts/libnrf_cc310_platform_0.9.13.a(mbedtls_hash_common.c.obj)
                0x00000000000067c0                mbedtls_sha_finish_internal
 .text.mbedtls_sha_update_internal
                0x000000000000681c       0xe4 /Users/macbookpro/work/NCS_SDK/nrfxlib/crypto/nrf_cc310_platform/lib/cortex-m33/soft-float/no-interrupts/libnrf_cc310_platform_0.9.13.a(mbedtls_hash_common.c.obj)
                0x000000000000681c                mbedtls_sha_update_internal
 .text.cc_mbedtls_sha256
                0x0000000000006900       0x50 /Users/macbookpro/work/NCS_SDK/nrfxlib/crypto/nrf_cc310_platform/lib/cortex-m33/soft-float/no-interrupts/libnrf_cc310_platform_0.9.13.a(sha256.c.obj)
                0x0000000000006900                cc_mbedtls_sha256
 .text.RNG_PLAT_SetUserRngParameters
                0x0000000000006950       0x7c /Users/macbookpro/work/NCS_SDK/nrfxlib/crypto/nrf_cc310_platform/lib/cortex-m33/soft-float/no-interrupts/libnrf_cc310_platform_0.9.13.a(cc_rng_plat.c.obj)
                0x0000000000006950                RNG_PLAT_SetUserRngParameters
 .text.CC_PalMemCopyPlat
                0x00000000000069cc        0x4 /Users/macbookpro/work/NCS_SDK/nrfxlib/crypto/nrf_cc310_platform/lib/cortex-m33/soft-float/no-interrupts/libnrf_cc310_platform_0.9.13.a(cc_pal_mem.c.obj)
                0x00000000000069cc                CC_PalMemCopyPlat
 .text.CC_PalMemSetPlat
                0x00000000000069d0        0x4 /Users/macbookpro/work/NCS_SDK/nrfxlib/crypto/nrf_cc310_platform/lib/cortex-m33/soft-float/no-interrupts/libnrf_cc310_platform_0.9.13.a(cc_pal_mem.c.obj)
                0x00000000000069d0                CC_PalMemSetPlat
 .text.CC_PalMemSetZeroPlat
                0x00000000000069d4        0x8 /Users/macbookpro/work/NCS_SDK/nrfxlib/crypto/nrf_cc310_platform/lib/cortex-m33/soft-float/no-interrupts/libnrf_cc310_platform_0.9.13.a(cc_pal_mem.c.obj)
                0x00000000000069d4                CC_PalMemSetZeroPlat
 .text.CC_PalTrngParamGet
                0x00000000000069dc      0x110 /Users/macbookpro/work/NCS_SDK/nrfxlib/crypto/nrf_cc310_platform/lib/cortex-m33/soft-float/no-interrupts/libnrf_cc310_platform_0.9.13.a(cc_pal_trng.c.obj)
                0x00000000000069dc                CC_PalTrngParamGet
 .text.LLF_RND_WaitRngInterrupt
                0x0000000000006aec       0x20 /Users/macbookpro/work/NCS_SDK/nrfxlib/crypto/nrf_cc310_platform/lib/cortex-m33/soft-float/no-interrupts/libnrf_cc310_platform_0.9.13.a(llf_rnd.c.obj)
                0x0000000000006aec                LLF_RND_WaitRngInterrupt
 .text.LLF_RND_GetRoscSampleCnt
                0x0000000000006b0c       0x3c /Users/macbookpro/work/NCS_SDK/nrfxlib/crypto/nrf_cc310_platform/lib/cortex-m33/soft-float/no-interrupts/libnrf_cc310_platform_0.9.13.a(llf_rnd.c.obj)
                0x0000000000006b0c                LLF_RND_GetRoscSampleCnt
 .text.LLF_RND_GetFastestRosc
                0x0000000000006b48       0x20 /Users/macbookpro/work/NCS_SDK/nrfxlib/crypto/nrf_cc310_platform/lib/cortex-m33/soft-float/no-interrupts/libnrf_cc310_platform_0.9.13.a(llf_rnd.c.obj)
                0x0000000000006b48                LLF_RND_GetFastestRosc
 .text.LLF_RND_TurnOffTrng
                0x0000000000006b68       0x1c /Users/macbookpro/work/NCS_SDK/nrfxlib/crypto/nrf_cc310_platform/lib/cortex-m33/soft-float/no-interrupts/libnrf_cc310_platform_0.9.13.a(llf_rnd.c.obj)
                0x0000000000006b68                LLF_RND_TurnOffTrng
 .text.SetDataBuffersInfo
                0x0000000000006b84       0x70 /Users/macbookpro/work/NCS_SDK/nrfxlib/crypto/nrf_cc310_platform/lib/cortex-m33/soft-float/no-interrupts/libnrf_cc310_platform_0.9.13.a(driver_common.c.obj)
                0x0000000000006b84                SetDataBuffersInfo
 .text.InitHashDrv
                0x0000000000006bf4       0x54 /Users/macbookpro/work/NCS_SDK/nrfxlib/crypto/nrf_cc310_platform/lib/cortex-m33/soft-float/no-interrupts/libnrf_cc310_platform_0.9.13.a(hash_driver.c.obj)
                0x0000000000006bf4                InitHashDrv
 .text.ProcessHashDrv
                0x0000000000006c48      0x254 /Users/macbookpro/work/NCS_SDK/nrfxlib/crypto/nrf_cc310_platform/lib/cortex-m33/soft-float/no-interrupts/libnrf_cc310_platform_0.9.13.a(hash_driver.c.obj)
                0x0000000000006c48                ProcessHashDrv
 .text.FinishHashDrv
                0x0000000000006e9c       0x80 /Users/macbookpro/work/NCS_SDK/nrfxlib/crypto/nrf_cc310_platform/lib/cortex-m33/soft-float/no-interrupts/libnrf_cc310_platform_0.9.13.a(hash_driver.c.obj)
                0x0000000000006e9c                FinishHashDrv
 .text.LoadAesKey
                0x0000000000006f1c       0xe4 /Users/macbookpro/work/NCS_SDK/nrfxlib/crypto/nrf_cc310_platform/lib/cortex-m33/soft-float/no-interrupts/libnrf_cc310_platform_0.9.13.a(aes_driver.c.obj)
 .text.InitAes.part.0
                0x0000000000007000       0xf8 /Users/macbookpro/work/NCS_SDK/nrfxlib/crypto/nrf_cc310_platform/lib/cortex-m33/soft-float/no-interrupts/libnrf_cc310_platform_0.9.13.a(aes_driver.c.obj)
 .text.ProcessAesDrv
                0x00000000000070f8      0x3ac /Users/macbookpro/work/NCS_SDK/nrfxlib/crypto/nrf_cc310_platform/lib/cortex-m33/soft-float/no-interrupts/libnrf_cc310_platform_0.9.13.a(aes_driver.c.obj)
                0x00000000000070f8                ProcessAesDrv
 .text.FinishAesDrv
                0x00000000000074a4      0x24c /Users/macbookpro/work/NCS_SDK/nrfxlib/crypto/nrf_cc310_platform/lib/cortex-m33/soft-float/no-interrupts/libnrf_cc310_platform_0.9.13.a(aes_driver.c.obj)
                0x00000000000074a4                FinishAesDrv
 .text.kmu_validate_slot_and_size
                0x00000000000076f0       0x2c /Users/macbookpro/work/NCS_SDK/nrfxlib/crypto/nrf_cc310_platform/lib/cortex-m33/soft-float/no-interrupts/libnrf_cc310_platform_0.9.13.a(kmu_shared.c.obj)
                0x00000000000076f0                kmu_validate_slot_and_size
 .text.kmu_validate_slot_and_size_no_kdr
                0x000000000000771c       0x88 /Users/macbookpro/work/NCS_SDK/nrfxlib/crypto/nrf_cc310_platform/lib/cortex-m33/soft-float/no-interrupts/libnrf_cc310_platform_0.9.13.a(kmu_shared.c.obj)
                0x000000000000771c                kmu_validate_slot_and_size_no_kdr
 .text.kmu_validate_kdr_slot_and_size
                0x00000000000077a4       0x48 /Users/macbookpro/work/NCS_SDK/nrfxlib/crypto/nrf_cc310_platform/lib/cortex-m33/soft-float/no-interrupts/libnrf_cc310_platform_0.9.13.a(kmu_shared.c.obj)
                0x00000000000077a4                kmu_validate_kdr_slot_and_size
 .text.kmu_use_kdr_key
                0x00000000000077ec       0x18 /Users/macbookpro/work/NCS_SDK/nrfxlib/crypto/nrf_cc310_platform/lib/cortex-m33/soft-float/no-interrupts/libnrf_cc310_platform_0.9.13.a(kmu_shared.c.obj)
                0x00000000000077ec                kmu_use_kdr_key
 .text.kmu_load_key_aes
                0x0000000000007804       0xe8 /Users/macbookpro/work/NCS_SDK/nrfxlib/crypto/nrf_cc310_platform/lib/cortex-m33/soft-float/no-interrupts/libnrf_cc310_platform_0.9.13.a(kmu_shared.c.obj)
                0x0000000000007804                kmu_load_key_aes
 .text.kmu_derive_cmac
                0x00000000000078ec      0x14c /Users/macbookpro/work/NCS_SDK/nrfxlib/crypto/nrf_cc310_platform/lib/cortex-m33/soft-float/no-interrupts/libnrf_cc310_platform_0.9.13.a(kmu_shared.c.obj)
                0x00000000000078ec                kmu_derive_cmac
 .text.UtilCmacBuildDataForDerivation
                0x0000000000007a38       0xb8 /Users/macbookpro/work/NCS_SDK/nrfxlib/crypto/nrf_cc310_platform/lib/cortex-m33/soft-float/no-interrupts/libnrf_cc310_platform_0.9.13.a(cc_util_cmac.c.obj)
                0x0000000000007a38                UtilCmacBuildDataForDerivation
 .text.CC_PalDataBufferAttrGet
                0x0000000000007af0        0x8 /Users/macbookpro/work/NCS_SDK/nrfxlib/crypto/nrf_cc310_platform/lib/cortex-m33/soft-float/no-interrupts/libnrf_cc310_platform_0.9.13.a(cc_pal_buff_attr.c.obj)
                0x0000000000007af0                CC_PalDataBufferAttrGet
 .text.main     0x0000000000007af8        0xe app/libapp.a(main.c.obj)
                0x0000000000007af8                main
 .text.arch_printk_char_out
                0x0000000000007b06        0x4 zephyr/libzephyr.a(printk.c.obj)
                0x0000000000007b06                arch_printk_char_out
 .text.printk   0x0000000000007b0a       0x1a zephyr/libzephyr.a(printk.c.obj)
                0x0000000000007b0a                printk
 .text.onoff_manager_init
                0x0000000000007b24       0x26 zephyr/libzephyr.a(onoff.c.obj)
                0x0000000000007b24                onoff_manager_init
 .text.z_thread_entry
                0x0000000000007b4a       0x14 zephyr/libzephyr.a(thread_entry.c.obj)
                0x0000000000007b4a                z_thread_entry
 .text.encode_uint
                0x0000000000007b5e       0x8c zephyr/libzephyr.a(cbprintf_complete.c.obj)
 .text.outs     0x0000000000007bea       0x2c zephyr/libzephyr.a(cbprintf_complete.c.obj)
 .text.assert_post_action
                0x0000000000007c16        0xe zephyr/libzephyr.a(assert.c.obj)
                0x0000000000007c16                assert_post_action
 .text._ConfigAbsSyms
                0x0000000000007c24        0x2 zephyr/libzephyr.a(configs.c.obj)
                0x0000000000007c24                _ConfigAbsSyms
 .text.pm_power_state_exit_post_ops
                0x0000000000007c26       0x16 zephyr/libzephyr.a(power.c.obj)
                0x0000000000007c26                pm_power_state_exit_post_ops
 .text.z_log_minimal_printk
                0x0000000000007c3c       0x1a zephyr/libzephyr.a(log_minimal.c.obj)
                0x0000000000007c3c                z_log_minimal_printk
 .text.pm_policy_next_state
                0x0000000000007c56        0xa zephyr/libzephyr.a(residency.c.obj)
                0x0000000000007c56                pm_policy_next_state
 .text.abort_function
                0x0000000000007c60        0x8 zephyr/libzephyr.a(nrf_cc3xx_platform_abort_zephyr.c.obj)
 .text.z_do_kernel_oops
                0x0000000000007c68        0x8 zephyr/arch/arch/arm/core/aarch32/libarch__arm__core__aarch32.a(fatal.c.obj)
                0x0000000000007c68                z_do_kernel_oops
 .text.z_irq_spurious
                0x0000000000007c70        0x8 zephyr/arch/arch/arm/core/aarch32/libarch__arm__core__aarch32.a(irq_manage.c.obj)
                0x0000000000007c70                z_irq_spurious
 .text.irq_target_state_set
                0x0000000000007c78       0x5e zephyr/arch/arch/arm/core/aarch32/libarch__arm__core__aarch32.a(irq_manage.c.obj)
                0x0000000000007c78                irq_target_state_set
 .text.z_arm_nmi
                0x0000000000007cd6        0xe zephyr/arch/arch/arm/core/aarch32/libarch__arm__core__aarch32.a(nmi.c.obj)
                0x0000000000007cd6                z_arm_nmi
 .text.configure_builtin_stack_guard
                0x0000000000007ce4        0x8 zephyr/arch/arch/arm/core/aarch32/libarch__arm__core__aarch32.a(thread.c.obj)
                0x0000000000007ce4                configure_builtin_stack_guard
 .text.arm_cmse_mpu_region_get
                0x0000000000007cec       0x12 zephyr/arch/arch/arm/core/aarch32/cortex_m/cmse/libarch__arm__core__aarch32__cortex_m__cmse.a(arm_core_cmse.c.obj)
                0x0000000000007cec                arm_cmse_mpu_region_get
 .text.arm_cmse_addr_is_secure
                0x0000000000007cfe        0xa zephyr/arch/arch/arm/core/aarch32/cortex_m/cmse/libarch__arm__core__aarch32__cortex_m__cmse.a(arm_core_cmse.c.obj)
                0x0000000000007cfe                arm_cmse_addr_is_secure
 .text.strlen   0x0000000000007d08        0xe zephyr/lib/libc/minimal/liblib__libc__minimal.a(string.c.obj)
                0x0000000000007d08                strlen
 .text.strnlen  0x0000000000007d16       0x12 zephyr/lib/libc/minimal/liblib__libc__minimal.a(string.c.obj)
                0x0000000000007d16                strnlen
 .text.memcmp   0x0000000000007d28       0x22 zephyr/lib/libc/minimal/liblib__libc__minimal.a(string.c.obj)
                0x0000000000007d28                memcmp
 .text.memmove  0x0000000000007d4a       0x30 zephyr/lib/libc/minimal/liblib__libc__minimal.a(string.c.obj)
                0x0000000000007d4a                memmove
 .text.memcpy   0x0000000000007d7a       0x16 zephyr/lib/libc/minimal/liblib__libc__minimal.a(string.c.obj)
                0x0000000000007d7a                memcpy
 .text.memset   0x0000000000007d90       0x12 zephyr/lib/libc/minimal/liblib__libc__minimal.a(string.c.obj)
                0x0000000000007d90                memset
 .text._stdout_hook_default
                0x0000000000007da2        0x6 zephyr/lib/libc/minimal/liblib__libc__minimal.a(stdout_console.c.obj)
 .text.set_on_state
                0x0000000000007da8       0x26 zephyr/drivers/clock_control/libdrivers__clock_control.a(clock_control_nrf.c.obj)
 .text.async_start
                0x0000000000007dce       0x60 zephyr/drivers/clock_control/libdrivers__clock_control.a(clock_control_nrf.c.obj)
 .text.api_start
                0x0000000000007e2e        0xe zephyr/drivers/clock_control/libdrivers__clock_control.a(clock_control_nrf.c.obj)
 .text.onoff_started_callback
                0x0000000000007e3c        0xc zephyr/drivers/clock_control/libdrivers__clock_control.a(clock_control_nrf.c.obj)
 .text.lfclk_start
                0x0000000000007e48        0x6 zephyr/drivers/clock_control/libdrivers__clock_control.a(clock_control_nrf.c.obj)
 .text.lfclk_stop
                0x0000000000007e4e        0x6 zephyr/drivers/clock_control/libdrivers__clock_control.a(clock_control_nrf.c.obj)
 .text.api_stop
                0x0000000000007e54        0x6 zephyr/drivers/clock_control/libdrivers__clock_control.a(clock_control_nrf.c.obj)
 .text.blocking_start_callback
                0x0000000000007e5a        0x6 zephyr/drivers/clock_control/libdrivers__clock_control.a(clock_control_nrf.c.obj)
 .text.uarte_nrfx_config_get
                0x0000000000007e60       0x10 zephyr/drivers/serial/libdrivers__serial.a(uart_nrfx_uarte.c.obj)
 .text.uarte_nrfx_err_check
                0x0000000000007e70        0xe zephyr/drivers/serial/libdrivers__serial.a(uart_nrfx_uarte.c.obj)
 .text.uarte_nrfx_poll_in
                0x0000000000007e7e       0x26 zephyr/drivers/serial/libdrivers__serial.a(uart_nrfx_uarte.c.obj)
 .text.nrf_gpio_cfg_input
                0x0000000000007ea4       0x1a zephyr/drivers/serial/libdrivers__serial.a(uart_nrfx_uarte.c.obj)
 .text.is_tx_ready.isra.0
                0x0000000000007ebe       0x20 zephyr/drivers/serial/libdrivers__serial.a(uart_nrfx_uarte.c.obj)
 .text.uarte_nrfx_isr_int
                0x0000000000007ede       0x74 zephyr/drivers/serial/libdrivers__serial.a(uart_nrfx_uarte.c.obj)
 .text.uarte_instance_init.constprop.0
                0x0000000000007f52      0x114 zephyr/drivers/serial/libdrivers__serial.a(uart_nrfx_uarte.c.obj)
 .text.uarte_1_init
                0x0000000000008066       0x1e zephyr/drivers/serial/libdrivers__serial.a(uart_nrfx_uarte.c.obj)
 .text.uarte_0_init
                0x0000000000008084       0x1e zephyr/drivers/serial/libdrivers__serial.a(uart_nrfx_uarte.c.obj)
 .text.entropy_cc3xx_rng_init
                0x00000000000080a2       0x16 zephyr/drivers/entropy/libdrivers__entropy.a(entropy_cc310.c.obj)
 .text.sys_clock_disable
                0x00000000000080b8        0xe zephyr/drivers/timer/libdrivers__timer.a(cortex_m_systick.c.obj)
                0x00000000000080b8                sys_clock_disable
 .text.hw_cc3xx_init_internal
                0x00000000000080c6        0x4 modules/nrf/drivers/hw_cc310/lib..__nrf__drivers__hw_cc310.a(hw_cc310.c.obj)
 .text.hw_cc3xx_init
                0x00000000000080ca       0x12 modules/nrf/drivers/hw_cc310/lib..__nrf__drivers__hw_cc310.a(hw_cc310.c.obj)
 .text.nrf91_errata_14
                0x00000000000080dc       0x20 modules/hal_nordic/nrfx/libmodules__hal_nordic__nrfx.a(system_nrf9160.c.obj)
 .text.nrfx_isr
                0x00000000000080fc        0x2 modules/hal_nordic/nrfx/libmodules__hal_nordic__nrfx.a(nrfx_glue.c.obj)
                0x00000000000080fc                nrfx_isr
 .text.nrfx_busy_wait
                0x00000000000080fe        0x4 modules/hal_nordic/nrfx/libmodules__hal_nordic__nrfx.a(nrfx_glue.c.obj)
                0x00000000000080fe                nrfx_busy_wait
 .text.z_device_state_init
                0x0000000000008102        0x2 zephyr/kernel/libkernel.a(device.c.obj)
                0x0000000000008102                z_device_state_init
 .text.z_device_ready
                0x0000000000008104       0x14 zephyr/kernel/libkernel.a(device.c.obj)
                0x0000000000008104                z_device_ready
 .text.k_mem_slab_init
                0x0000000000008118       0x38 zephyr/kernel/libkernel.a(mem_slab.c.obj)
                0x0000000000008118                k_mem_slab_init
 .text.k_is_in_isr
                0x0000000000008150        0xc zephyr/kernel/libkernel.a(thread.c.obj)
                0x0000000000008150                k_is_in_isr
 .text.k_thread_name_get
                0x000000000000815c        0x4 zephyr/kernel/libkernel.a(thread.c.obj)
                0x000000000000815c                k_thread_name_get
 .text.z_pm_save_idle_exit
                0x0000000000008160        0xe zephyr/kernel/libkernel.a(idle.c.obj)
                0x0000000000008160                z_pm_save_idle_exit
 .text.adjust_owner_prio.isra.0
                0x000000000000816e       0x10 zephyr/kernel/libkernel.a(mutex.c.obj)
 .text.z_impl_k_mutex_init
                0x000000000000817e        0xe zephyr/kernel/libkernel.a(mutex.c.obj)
                0x000000000000817e                z_impl_k_mutex_init
 .text.z_reschedule_irqlock
                0x000000000000818c       0x18 zephyr/kernel/libkernel.a(sched.c.obj)
                0x000000000000818c                z_reschedule_irqlock
 .text.z_reschedule_unlocked
                0x00000000000081a4       0x14 zephyr/kernel/libkernel.a(sched.c.obj)
 .text.z_priq_dumb_best
                0x00000000000081b8        0xc zephyr/kernel/libkernel.a(sched.c.obj)
                0x00000000000081b8                z_priq_dumb_best
 .text.sys_clock_tick_get_32
                0x00000000000081c4        0x8 zephyr/kernel/libkernel.a(timeout.c.obj)
                0x00000000000081c4                sys_clock_tick_get_32
 .text.z_impl_k_busy_wait
                0x00000000000081cc        0x8 zephyr/kernel/libkernel.a(timeout.c.obj)
                0x00000000000081cc                z_impl_k_busy_wait
 .text._OffsetAbsSyms
                0x00000000000081d4        0x2 zephyr/CMakeFiles/offsets.dir/./arch/arm/core/offsets/offsets.c.obj
                0x00000000000081d4                _OffsetAbsSyms
 *(SORT_BY_ALIGNMENT(.TEXT.*))
 *fill*         0x00000000000081d6        0x2 
 .TEXT.z_arm_platform_init
                0x00000000000081d8        0x4 zephyr/libzephyr.a(soc_nrf_common.S.obj)
                0x00000000000081d8                z_arm_platform_init
 *(SORT_BY_ALIGNMENT(.gnu.linkonce.t.*))
 *(SORT_BY_ALIGNMENT(.glue_7t))
 .glue_7t       0x00000000000081dc        0x0 linker stubs
 *(SORT_BY_ALIGNMENT(.glue_7))
 .glue_7        0x00000000000081dc        0x0 linker stubs
 *(SORT_BY_ALIGNMENT(.vfp11_veneer))
 .vfp11_veneer  0x00000000000081dc        0x0 linker stubs
 *(SORT_BY_ALIGNMENT(.v4_bx))
 .v4_bx         0x00000000000081dc        0x0 linker stubs
                0x00000000000081dc                __text_region_end = .

.ARM.exidx      0x00000000000081dc        0x8
                0x00000000000081dc                __exidx_start = .
 *(SORT_BY_ALIGNMENT(.ARM.exidx*) SORT_BY_ALIGNMENT(gnu.linkonce.armexidx.*))
 .ARM.exidx     0x00000000000081dc        0x8 /opt/nordic/ncs/toolchains/v2.0.0/opt/zephyr-sdk/arm-zephyr-eabi/bin/../lib/gcc/arm-zephyr-eabi/10.3.0/thumb/v8-m.main/nofp/libgcc.a(_udivmoddi4.o)
                0x00000000000081e4                __exidx_end = .
                0x00000000000081e4                __rodata_region_start = .

initlevel       0x00000000000081e4       0x58
                0x00000000000081e4                __init_start = .
                0x00000000000081e4                __init_PRE_KERNEL_1_start = .
 *(SORT_BY_NAME(SORT_BY_ALIGNMENT(.z_init_PRE_KERNEL_1[0-9]_*)))
 .z_init_PRE_KERNEL_10_
                0x00000000000081e4        0x8 zephyr/libzephyr.a(soc.c.obj)
 *(SORT_BY_NAME(SORT_BY_ALIGNMENT(.z_init_PRE_KERNEL_1[1-9][0-9]_*)))
 .z_init_PRE_KERNEL_130_
                0x00000000000081ec        0x8 zephyr/drivers/clock_control/libdrivers__clock_control.a(clock_control_nrf.c.obj)
 .z_init_PRE_KERNEL_130_
                0x00000000000081f4        0x8 zephyr/kernel/libkernel.a(mem_slab.c.obj)
 .z_init_PRE_KERNEL_140_
                0x00000000000081fc        0x8 modules/nrf/drivers/hw_cc310/lib..__nrf__drivers__hw_cc310.a(hw_cc310.c.obj)
 .z_init_PRE_KERNEL_150_
                0x0000000000008204        0x8 zephyr/drivers/entropy/libdrivers__entropy.a(entropy_cc310.c.obj)
 .z_init_PRE_KERNEL_155_
                0x000000000000820c       0x10 zephyr/drivers/serial/libdrivers__serial.a(uart_nrfx_uarte.c.obj)
 .z_init_PRE_KERNEL_160_
                0x000000000000821c        0x8 zephyr/drivers/console/libdrivers__console.a(uart_console.c.obj)
                0x0000000000008224                __init_PRE_KERNEL_2_start = .
 *(SORT_BY_NAME(SORT_BY_ALIGNMENT(.z_init_PRE_KERNEL_2[0-9]_*)))
 .z_init_PRE_KERNEL_20_
                0x0000000000008224        0x8 zephyr/drivers/timer/libdrivers__timer.a(cortex_m_systick.c.obj)
 *(SORT_BY_NAME(SORT_BY_ALIGNMENT(.z_init_PRE_KERNEL_2[1-9][0-9]_*)))
                0x000000000000822c                __init_POST_KERNEL_start = .
 *(SORT_BY_NAME(SORT_BY_ALIGNMENT(.z_init_POST_KERNEL[0-9]_*)))
 *(SORT_BY_NAME(SORT_BY_ALIGNMENT(.z_init_POST_KERNEL[1-9][0-9]_*)))
 .z_init_POST_KERNEL40_
                0x000000000000822c        0x8 modules/nrf/drivers/hw_cc310/lib..__nrf__drivers__hw_cc310.a(hw_cc310.c.obj)
 .z_init_POST_KERNEL90_
                0x0000000000008234        0x8 modules/nrf/subsys/fw_info/lib..__nrf__subsys__fw_info.a(fw_info.c.obj)
                0x000000000000823c                __init_APPLICATION_start = .
 *(SORT_BY_NAME(SORT_BY_ALIGNMENT(.z_init_APPLICATION[0-9]_*)))
 *(SORT_BY_NAME(SORT_BY_ALIGNMENT(.z_init_APPLICATION[1-9][0-9]_*)))
                0x000000000000823c                __init_SMP_start = .
 *(SORT_BY_NAME(SORT_BY_ALIGNMENT(.z_init_SMP[0-9]_*)))
 *(SORT_BY_NAME(SORT_BY_ALIGNMENT(.z_init_SMP[1-9][0-9]_*)))
                0x000000000000823c                __init_end = .

devices         0x000000000000823c       0x60
                0x000000000000823c                __device_start = .
                0x000000000000823c                __device_PRE_KERNEL_1_start = .
 *(SORT_BY_NAME(SORT_BY_ALIGNMENT(.z_device_PRE_KERNEL_1[0-9]_*)))
 *(SORT_BY_NAME(SORT_BY_ALIGNMENT(.z_device_PRE_KERNEL_1[1-9][0-9]_*)))
 .z_device_PRE_KERNEL_130_
                0x000000000000823c       0x18 zephyr/drivers/clock_control/libdrivers__clock_control.a(clock_control_nrf.c.obj)
                0x000000000000823c                __device_dts_ord_41
 .z_device_PRE_KERNEL_150_
                0x0000000000008254       0x18 zephyr/drivers/entropy/libdrivers__entropy.a(entropy_cc310.c.obj)
                0x0000000000008254                __device_dts_ord_38
 .z_device_PRE_KERNEL_155_
                0x000000000000826c       0x30 zephyr/drivers/serial/libdrivers__serial.a(uart_nrfx_uarte.c.obj)
                0x000000000000826c                __device_dts_ord_71
                0x0000000000008284                __device_dts_ord_70
                0x000000000000829c                __device_PRE_KERNEL_2_start = .
 *(SORT_BY_NAME(SORT_BY_ALIGNMENT(.z_device_PRE_KERNEL_2[0-9]_*)))
 *(SORT_BY_NAME(SORT_BY_ALIGNMENT(.z_device_PRE_KERNEL_2[1-9][0-9]_*)))
                0x000000000000829c                __device_POST_KERNEL_start = .
 *(SORT_BY_NAME(SORT_BY_ALIGNMENT(.z_device_POST_KERNEL[0-9]_*)))
 *(SORT_BY_NAME(SORT_BY_ALIGNMENT(.z_device_POST_KERNEL[1-9][0-9]_*)))
                0x000000000000829c                __device_APPLICATION_start = .
 *(SORT_BY_NAME(SORT_BY_ALIGNMENT(.z_device_APPLICATION[0-9]_*)))
 *(SORT_BY_NAME(SORT_BY_ALIGNMENT(.z_device_APPLICATION[1-9][0-9]_*)))
                0x000000000000829c                __device_SMP_start = .
 *(SORT_BY_NAME(SORT_BY_ALIGNMENT(.z_device_SMP[0-9]_*)))
 *(SORT_BY_NAME(SORT_BY_ALIGNMENT(.z_device_SMP[1-9][0-9]_*)))
                0x000000000000829c                __device_end = .

sw_isr_table    0x000000000000829c      0x208
                0x000000000000829c                . = ALIGN (0x0)
 *(SORT_BY_ALIGNMENT(.gnu.linkonce.sw_isr_table*))
 .gnu.linkonce.sw_isr_table
                0x000000000000829c      0x208 zephyr/arch/common/libisr_tables.a(isr_tables.c.obj)
                0x000000000000829c                _sw_isr_table

initlevel_error
                0x00000000000081e4        0x0
 *(SORT_BY_NAME(SORT_BY_ALIGNMENT(.z_init_[_A-Z0-9]*)))
                0x0000000000000001                ASSERT ((SIZEOF (initlevel_error) == 0x0), Undefined initialization levels used.)

app_shmem_regions
                0x00000000000084a4        0x0
                0x00000000000084a4                __app_shmem_regions_start = .
 *(SORT_BY_NAME(SORT_BY_ALIGNMENT(.app_regions.*)))
                0x00000000000084a4                __app_shmem_regions_end = .

bt_l2cap_fixed_chan_area
                0x00000000000084a4        0x0
                0x00000000000084a4                _bt_l2cap_fixed_chan_list_start = .
 *(SORT_BY_NAME(SORT_BY_ALIGNMENT(._bt_l2cap_fixed_chan.static.*)))
                0x00000000000084a4                _bt_l2cap_fixed_chan_list_end = .

bt_gatt_service_static_area
                0x00000000000084a4        0x0
                0x00000000000084a4                _bt_gatt_service_static_list_start = .
 *(SORT_BY_NAME(SORT_BY_ALIGNMENT(._bt_gatt_service_static.static.*)))
                0x00000000000084a4                _bt_gatt_service_static_list_end = .

k_p4wq_initparam_area
                0x00000000000084a4        0x0
                0x00000000000084a4                _k_p4wq_initparam_list_start = .
 *(SORT_BY_NAME(SORT_BY_ALIGNMENT(._k_p4wq_initparam.static.*)))
                0x00000000000084a4                _k_p4wq_initparam_list_end = .

log_strings_sections
                0x00000000000084a4        0x0
                0x00000000000084a4                __log_strings_start = .
 *(SORT_BY_NAME(SORT_BY_ALIGNMENT(.log_strings*)))
                0x00000000000084a4                __log_strings_end = .

log_const_sections
                0x00000000000084a4       0x38
                0x00000000000084a4                __log_const_start = .
 *(SORT_BY_NAME(SORT_BY_ALIGNMENT(.log_const_*)))
 .log_const_clock_control
                0x00000000000084a4        0x8 zephyr/drivers/clock_control/libdrivers__clock_control.a(clock_control_nrf.c.obj)
                0x00000000000084a4                log_const_clock_control
 .log_const_fatal_error
                0x00000000000084ac        0x8 modules/nrf/lib/fatal_error/lib..__nrf__lib__fatal_error.a(fatal_error.c.obj)
                0x00000000000084ac                log_const_fatal_error
 .log_const_mpu
                0x00000000000084b4        0x8 zephyr/arch/arch/arm/core/aarch32/mpu/libarch__arm__core__aarch32__mpu.a(arm_core_mpu.c.obj)
                0x00000000000084b4                log_const_mpu
 .log_const_os  0x00000000000084bc        0x8 zephyr/kernel/libkernel.a(init.c.obj)
                0x00000000000084bc                log_const_os
 .log_const_pm  0x00000000000084c4        0x8 zephyr/libzephyr.a(pm.c.obj)
                0x00000000000084c4                log_const_pm
 .log_const_soc
                0x00000000000084cc        0x8 zephyr/libzephyr.a(soc.c.obj)
                0x00000000000084cc                log_const_soc
 .log_const_uart_nrfx_uarte
                0x00000000000084d4        0x8 zephyr/drivers/serial/libdrivers__serial.a(uart_nrfx_uarte.c.obj)
                0x00000000000084d4                log_const_uart_nrfx_uarte
                0x00000000000084dc                __log_const_end = .

log_backends_sections
                0x00000000000084dc        0x0
                0x00000000000084dc                __log_backends_start = .
 *(SORT_BY_ALIGNMENT(._log_backend.*))
                0x00000000000084dc                __log_backends_end = .

shell_area      0x00000000000084dc        0x0
                0x00000000000084dc                _shell_list_start = .
 *(SORT_BY_NAME(SORT_BY_ALIGNMENT(._shell.static.*)))
                0x00000000000084dc                _shell_list_end = .

shell_root_cmds_sections
                0x00000000000084dc        0x0
                0x00000000000084dc                __shell_root_cmds_start = .
 *(SORT_BY_NAME(SORT_BY_ALIGNMENT(.shell_root_cmd_*)))
                0x00000000000084dc                __shell_root_cmds_end = .

font_entry_sections
                0x00000000000084dc        0x0
                0x00000000000084dc                __font_entry_start = .
 *(SORT_BY_NAME(SORT_BY_ALIGNMENT(._cfb_font.*)))
                0x00000000000084dc                __font_entry_end = .

tracing_backend_area
                0x00000000000084dc        0x0
                0x00000000000084dc                _tracing_backend_list_start = .
 *(SORT_BY_NAME(SORT_BY_ALIGNMENT(._tracing_backend.static.*)))
                0x00000000000084dc                _tracing_backend_list_end = .

zephyr_dbg_info
 *(SORT_BY_ALIGNMENT(.dbg_thread_info))

device_handles  0x00000000000084dc       0x28
                0x00000000000084dc                __device_handles_start = .
 *(SORT_BY_NAME(SORT_BY_ALIGNMENT(.__device_handles_pass1*)))
 .__device_handles_pass1
                0x00000000000084dc        0xa zephyr/drivers/clock_control/libdrivers__clock_control.a(clock_control_nrf.c.obj)
                0x00000000000084dc                __devicehdl_DT_N_S_soc_S_peripheral_50000000_S_clock_5000
 .__device_handles_pass1
                0x00000000000084e6       0x14 zephyr/drivers/serial/libdrivers__serial.a(uart_nrfx_uarte.c.obj)
                0x00000000000084e6                __devicehdl_DT_N_S_soc_S_peripheral_50000000_S_uart_9000
                0x00000000000084f0                __devicehdl_DT_N_S_soc_S_peripheral_50000000_S_uart_8000
 .__device_handles_pass1
                0x00000000000084fa        0xa zephyr/drivers/entropy/libdrivers__entropy.a(entropy_cc310.c.obj)
                0x00000000000084fa                __devicehdl_DT_N_S_soc_S_crypto_50840000
                0x0000000000008504                __device_handles_end = .

rodata          0x0000000000008510     0x12b0
 *(SORT_BY_ALIGNMENT(.rodata))
 .rodata        0x0000000000008510        0xc zephyr/libzephyr.a(secure_services.c.obj)
 .rodata        0x000000000000851c       0x18 modules/nrf/subsys/fw_info/lib..__nrf__subsys__fw_info.a(fw_info.c.obj)
 *(SORT_BY_ALIGNMENT(.rodata.*))
 *fill*         0x0000000000008534        0xc 
 .rodata.delay_machine_code.0
                0x0000000000008540        0x6 zephyr/libzephyr.a(soc.c.obj)
 *fill*         0x0000000000008546        0x2 
 .rodata.periph.0
                0x0000000000008548      0x100 zephyr/libzephyr.a(spm.c.obj)
 .rodata.fw_info_allowed_offsets
                0x0000000000008648       0x14 zephyr/libzephyr.a(secure_services.c.obj)
 .rodata.apis   0x000000000000865c        0x8 zephyr/libzephyr.a(nrf_cc3xx_platform_abort_zephyr.c.obj)
 .rodata.mutex_apis
                0x0000000000008664       0x10 zephyr/libzephyr.a(nrf_cc3xx_platform_mutex_zephyr.c.obj)
 .rodata.mutexes
                0x0000000000008674       0x14 zephyr/libzephyr.a(nrf_cc3xx_platform_mutex_zephyr.c.obj)
 .rodata.static_regions
                0x0000000000008688        0xc zephyr/arch/arch/arm/core/aarch32/mpu/libarch__arm__core__aarch32__mpu.a(arm_core_mpu.c.obj)
 .rodata.mpu_config
                0x0000000000008694        0x8 zephyr/soc/arm/common/cortex_m/libsoc__arm__common__cortex_m.a(arm_mpu_regions.c.obj)
                0x0000000000008694                mpu_config
 .rodata.mpu_regions
                0x000000000000869c       0x20 zephyr/soc/arm/common/cortex_m/libsoc__arm__common__cortex_m.a(arm_mpu_regions.c.obj)
 .rodata.clock_control_api
                0x00000000000086bc       0x18 zephyr/drivers/clock_control/libdrivers__clock_control.a(clock_control_nrf.c.obj)
 .rodata.config
                0x00000000000086d4       0x18 zephyr/drivers/clock_control/libdrivers__clock_control.a(clock_control_nrf.c.obj)
 .rodata.transitions.0
                0x00000000000086ec        0xc zephyr/drivers/clock_control/libdrivers__clock_control.a(clock_control_nrf.c.obj)
 .rodata.uart_nrfx_uarte_driver_api
                0x00000000000086f8       0x14 zephyr/drivers/serial/libdrivers__serial.a(uart_nrfx_uarte.c.obj)
 .rodata.uarte_0z_config
                0x000000000000870c       0x20 zephyr/drivers/serial/libdrivers__serial.a(uart_nrfx_uarte.c.obj)
 .rodata.uarte_1z_config
                0x000000000000872c       0x20 zephyr/drivers/serial/libdrivers__serial.a(uart_nrfx_uarte.c.obj)
 .rodata.entropy_cc3xx_rng_api
                0x000000000000874c        0x8 zephyr/drivers/entropy/libdrivers__entropy.a(entropy_cc310.c.obj)
 .rodata.levels.0
                0x0000000000008754       0x14 zephyr/kernel/libkernel.a(device.c.obj)
 .rodata._k_neg_eagain
                0x0000000000008768        0x4 zephyr/kernel/libkernel.a(errno.c.obj)
                0x0000000000008768                _k_neg_eagain
 .rodata.CSWTCH.273
                0x000000000000876c       0x14 zephyr/kernel/libkernel.a(fatal.c.obj)
 .rodata.CSWTCH.8
                0x0000000000008780       0x1c /Users/macbookpro/work/NCS_SDK/nrfxlib/crypto/nrf_cc310_platform/lib/cortex-m33/soft-float/no-interrupts/libnrf_cc310_platform_0.9.13.a(nrf_cc3xx_platform.c.obj)
 .rodata.mutex_free.str1.4
                0x000000000000879c       0x26 /Users/macbookpro/work/NCS_SDK/nrfxlib/crypto/nrf_cc310_platform/lib/cortex-m33/soft-float/no-interrupts/libnrf_cc310_platform_0.9.13.a(nrf_cc3xx_platform_mutex.c.obj)
 *fill*         0x00000000000087c2        0x2 
 .rodata.mutex_init.str1.4
                0x00000000000087c4       0x23 /Users/macbookpro/work/NCS_SDK/nrfxlib/crypto/nrf_cc310_platform/lib/cortex-m33/soft-float/no-interrupts/libnrf_cc310_platform_0.9.13.a(nrf_cc3xx_platform_mutex.c.obj)
 *fill*         0x00000000000087e7        0x1 
 .rodata.RndStartupTest.constprop.0.str1.4
                0x00000000000087e8       0x6f /Users/macbookpro/work/NCS_SDK/nrfxlib/crypto/nrf_cc310_platform/lib/cortex-m33/soft-float/no-interrupts/libnrf_cc310_platform_0.9.13.a(cc_lib.c.obj)
 *fill*         0x0000000000008857        0x1 
 .rodata.CC_PalPowerSaveModeInit.str1.4
                0x0000000000008858       0x20 /Users/macbookpro/work/NCS_SDK/nrfxlib/crypto/nrf_cc310_platform/lib/cortex-m33/soft-float/no-interrupts/libnrf_cc310_platform_0.9.13.a(cc_pal_pm.c.obj)
 .rodata.mbedtls_hardware_poll.str1.4
                0x0000000000008878       0x16 /Users/macbookpro/work/NCS_SDK/nrfxlib/crypto/nrf_cc310_platform/lib/cortex-m33/soft-float/no-interrupts/libnrf_cc310_platform_0.9.13.a(trng_api.c.obj)
                                         0x6e (size before relaxing)
 *fill*         0x000000000000888e        0x2 
 .rodata.cc_mbedtls_aes_init.str1.4
                0x0000000000008890       0x13 /Users/macbookpro/work/NCS_SDK/nrfxlib/crypto/nrf_cc310_platform/lib/cortex-m33/soft-float/no-interrupts/libnrf_cc310_platform_0.9.13.a(aes_alt.c.obj)
 *fill*         0x00000000000088a3        0x1 
 .rodata.cc_mbedtls_sha256_init.str1.4
                0x00000000000088a4        0xe /Users/macbookpro/work/NCS_SDK/nrfxlib/crypto/nrf_cc310_platform/lib/cortex-m33/soft-float/no-interrupts/libnrf_cc310_platform_0.9.13.a(sha256_alt.c.obj)
 .rodata.ProcessHashDrv.str1.4
                0x00000000000088b2       0x6f /Users/macbookpro/work/NCS_SDK/nrfxlib/crypto/nrf_cc310_platform/lib/cortex-m33/soft-float/no-interrupts/libnrf_cc310_platform_0.9.13.a(hash_driver.c.obj)
 *fill*         0x00000000000088b2        0x2 
 .rodata.HASH_LARVAL_SHA1
                0x00000000000088b4       0x14 /Users/macbookpro/work/NCS_SDK/nrfxlib/crypto/nrf_cc310_platform/lib/cortex-m33/soft-float/no-interrupts/libnrf_cc310_platform_0.9.13.a(hash_driver.c.obj)
 .rodata.HASH_LARVAL_SHA224
                0x00000000000088c8       0x20 /Users/macbookpro/work/NCS_SDK/nrfxlib/crypto/nrf_cc310_platform/lib/cortex-m33/soft-float/no-interrupts/libnrf_cc310_platform_0.9.13.a(hash_driver.c.obj)
 .rodata.HASH_LARVAL_SHA256
                0x00000000000088e8       0x20 /Users/macbookpro/work/NCS_SDK/nrfxlib/crypto/nrf_cc310_platform/lib/cortex-m33/soft-float/no-interrupts/libnrf_cc310_platform_0.9.13.a(hash_driver.c.obj)
 .rodata.ProcessAesDrv.str1.4
                0x0000000000008908       0x6f /Users/macbookpro/work/NCS_SDK/nrfxlib/crypto/nrf_cc310_platform/lib/cortex-m33/soft-float/no-interrupts/libnrf_cc310_platform_0.9.13.a(aes_driver.c.obj)
 .rodata.cbvprintf.str1.1
                0x0000000000008908        0x6 zephyr/libzephyr.a(cbprintf_complete.c.obj)
 .rodata.sys_reboot.str1.1
                0x000000000000890e       0x29 zephyr/libzephyr.a(reboot.c.obj)
 .rodata.str1.1
                0x0000000000008937        0x4 zephyr/libzephyr.a(soc.c.obj)
 .rodata.pm_state_notify.str1.1
                0x000000000000893b       0x3e zephyr/libzephyr.a(pm.c.obj)
 .rodata.str1.1
                0x0000000000008979        0x3 zephyr/libzephyr.a(pm.c.obj)
 .rodata.config_regions.str1.1
                0x000000000000897c       0x53 zephyr/libzephyr.a(spm.c.obj)
                                         0x70 (size before relaxing)
 .rodata.spm_jump.str1.1
                0x00000000000089cf       0x75 zephyr/libzephyr.a(spm.c.obj)
 .rodata.spm_config.str1.1
                0x0000000000008a44      0x136 zephyr/libzephyr.a(spm.c.obj)
                                        0x13e (size before relaxing)
 .rodata.str1.1
                0x0000000000008b7a      0x130 zephyr/libzephyr.a(spm.c.obj)
 .rodata.mutex_free_platform.str1.1
                0x0000000000008caa       0x26 zephyr/libzephyr.a(nrf_cc3xx_platform_mutex_zephyr.c.obj)
 .rodata.mutex_init_platform.str1.1
                0x0000000000008cd0       0x2d zephyr/libzephyr.a(nrf_cc3xx_platform_mutex_zephyr.c.obj)
 .rodata.z_arm_fatal_error.str1.1
                0x0000000000008cfd       0xaf zephyr/arch/arch/arm/core/aarch32/libarch__arm__core__aarch32.a(fatal.c.obj)
 .rodata.z_arm_irq_priority_set.str1.1
                0x0000000000008dac       0x36 zephyr/arch/arch/arm/core/aarch32/libarch__arm__core__aarch32.a(irq_manage.c.obj)
                                         0x4e (size before relaxing)
 .rodata.secure_fault.constprop.0.str1.1
                0x0000000000008de2      0x104 zephyr/arch/arch/arm/core/aarch32/cortex_m/libarch__arm__core__aarch32__cortex_m.a(fault.c.obj)
 .rodata.usage_fault.constprop.0.str1.1
                0x0000000000008ee6      0x11f zephyr/arch/arch/arm/core/aarch32/cortex_m/libarch__arm__core__aarch32__cortex_m.a(fault.c.obj)
 .rodata.bus_fault.constprop.0.str1.1
                0x0000000000009005       0xf2 zephyr/arch/arch/arm/core/aarch32/cortex_m/libarch__arm__core__aarch32__cortex_m.a(fault.c.obj)
 .rodata.mem_manage_fault.constprop.0.str1.1
                0x00000000000090f7       0xe9 zephyr/arch/arch/arm/core/aarch32/cortex_m/libarch__arm__core__aarch32__cortex_m.a(fault.c.obj)
                                        0x101 (size before relaxing)
 .rodata.z_arm_fault.str1.1
                0x00000000000091e0      0x12d zephyr/arch/arch/arm/core/aarch32/cortex_m/libarch__arm__core__aarch32__cortex_m.a(fault.c.obj)
 .rodata.str1.1
                0x000000000000930d        0x4 zephyr/arch/arch/arm/core/aarch32/mpu/libarch__arm__core__aarch32__mpu.a(arm_core_mpu.c.obj)
 .rodata.mpu_configure_region.str1.1
                0x0000000000009311       0x2b zephyr/arch/arch/arm/core/aarch32/mpu/libarch__arm__core__aarch32__mpu.a(arm_mpu.c.obj)
 .rodata.mpu_configure_regions_and_partition.constprop.0.str1.1
                0x000000000000933c       0x50 zephyr/arch/arch/arm/core/aarch32/mpu/libarch__arm__core__aarch32__mpu.a(arm_mpu.c.obj)
 .rodata.arm_core_mpu_configure_static_mpu_regions.str1.1
                0x000000000000938c       0x37 zephyr/arch/arch/arm/core/aarch32/mpu/libarch__arm__core__aarch32__mpu.a(arm_mpu.c.obj)
                                         0x4f (size before relaxing)
 .rodata.str1.1
                0x00000000000093c3        0xf zephyr/soc/arm/common/cortex_m/libsoc__arm__common__cortex_m.a(arm_mpu_regions.c.obj)
 .rodata.get_status.str1.1
                0x00000000000093d2       0x3d zephyr/drivers/clock_control/libdrivers__clock_control.a(clock_control_nrf.c.obj)
                                         0x55 (size before relaxing)
 .rodata.str1.1
                0x000000000000940f       0x1a zephyr/drivers/clock_control/libdrivers__clock_control.a(clock_control_nrf.c.obj)
                                         0x20 (size before relaxing)
 .rodata.nrf_gpio_pin_port_decode.str1.1
                0x0000000000009429       0x33 zephyr/drivers/serial/libdrivers__serial.a(uart_nrfx_uarte.c.obj)
                                         0x4b (size before relaxing)
 .rodata.str1.1
                0x000000000000945c       0x1e zephyr/drivers/serial/libdrivers__serial.a(uart_nrfx_uarte.c.obj)
 .rodata.entropy_cc3xx_rng_get_entropy.str1.1
                0x000000000000947a       0x30 zephyr/drivers/entropy/libdrivers__entropy.a(entropy_cc310.c.obj)
                                         0x48 (size before relaxing)
 .rodata.str1.1
                0x00000000000094aa        0xb zephyr/drivers/entropy/libdrivers__entropy.a(entropy_cc310.c.obj)
 .rodata.sys_clock_set_timeout.str1.1
                0x00000000000094b5       0x3e zephyr/drivers/timer/libdrivers__timer.a(cortex_m_systick.c.obj)
 .rodata.k_sys_fatal_error_handler.str1.1
                0x00000000000094b5       0x16 modules/nrf/lib/fatal_error/lib..__nrf__lib__fatal_error.a(fatal_error.c.obj)
 .rodata.str1.1
                0x00000000000094cb        0xc modules/nrf/lib/fatal_error/lib..__nrf__lib__fatal_error.a(fatal_error.c.obj)
 .rodata.check_ext_api_requests.str1.1
                0x00000000000094d7       0x5c modules/nrf/subsys/fw_info/lib..__nrf__subsys__fw_info.a(fw_info.c.obj)
 .rodata.nrfx_clock_init.str1.1
                0x0000000000009533       0x3d modules/hal_nordic/nrfx/libmodules__hal_nordic__nrfx.a(nrfx_clock.c.obj)
                                         0x55 (size before relaxing)
 .rodata.z_fatal_error.str1.1
                0x0000000000009570       0xa8 zephyr/kernel/libkernel.a(fatal.c.obj)
                                         0xc0 (size before relaxing)
 .rodata.str1.1
                0x0000000000009618       0x4a zephyr/kernel/libkernel.a(fatal.c.obj)
 .rodata.z_cstart.str1.1
                0x0000000000009662        0x5 zephyr/kernel/libkernel.a(init.c.obj)
 .rodata.str1.1
                0x0000000000009667        0x3 zephyr/kernel/libkernel.a(init.c.obj)
 .rodata.init_mem_slab_module.str1.1
                0x000000000000966a       0x25 zephyr/kernel/libkernel.a(mem_slab.c.obj)
                                         0x3d (size before relaxing)
 .rodata.k_mem_slab_alloc.str1.1
                0x000000000000968f       0x26 zephyr/kernel/libkernel.a(mem_slab.c.obj)
 .rodata.z_setup_new_thread.str1.1